Archive member included to satisfy reference by file (symbol)

/opt/devkitpro/libctru/lib/libctru.a(console.o)
                              main.o (consoleInit)
/opt/devkitpro/libctru/lib/libctru.a(gfx.o)
                              /opt/devkitpro/libctru/lib/libctru.a(console.o) (gfxIsWide)
/opt/devkitpro/libctru/lib/libctru.a(gspgpu.o)
                              /opt/devkitpro/libctru/lib/libctru.a(gfx.o) (gspInit)
/opt/devkitpro/libctru/lib/libctru.a(hid.o)
                              controller.o (hidScanInput)
/opt/devkitpro/libctru/lib/libctru.a(apt.o)
                              main.o (aptMainLoop)
/opt/devkitpro/libctru/lib/libctru.a(ctru_init.o)
                              /opt/devkitpro/libctru/lib/libctru.a(apt.o) (__system_retAddr)
/opt/devkitpro/libctru/lib/libctru.a(initArgv.o)
                              /opt/devkitpro/libctru/lib/libctru.a(ctru_init.o) (__system_initArgv)
/opt/devkitpro/libctru/lib/libctru.a(svc.o)
                              /opt/devkitpro/libctru/lib/libctru.a(apt.o) (svcSleepThread)
/opt/devkitpro/libctru/lib/libctru.a(stack_adjust.o)
                              /opt/devkitpro/devkitARM/bin/../lib/gcc/arm-none-eabi/12.2.0/../../../../arm-none-eabi/lib/armv6k/fpu/3dsx_crt0.o (initSystem)
/opt/devkitpro/libctru/lib/libctru.a(default_font.bin.o)
                              /opt/devkitpro/libctru/lib/libctru.a(console.o) (default_font_bin)
/opt/devkitpro/libctru/lib/libctru.a(vram.o)
                              /opt/devkitpro/libctru/lib/libctru.a(gfx.o) (vramAlloc)
/opt/devkitpro/libctru/lib/libctru.a(linear.o)
                              /opt/devkitpro/libctru/lib/libctru.a(gfx.o) (linearAlloc)
/opt/devkitpro/libctru/lib/libctru.a(mem_pool.o)
                              /opt/devkitpro/libctru/lib/libctru.a(vram.o) (MemPool::Allocate(MemChunk&, unsigned long, int))
/opt/devkitpro/libctru/lib/libctru.a(synchronization.o)
                              /opt/devkitpro/libctru/lib/libctru.a(ctru_init.o) (__sync_init)
/opt/devkitpro/libctru/lib/libctru.a(os.o)
                              /opt/devkitpro/libctru/lib/libctru.a(apt.o) (__ctru_speedup_config)
/opt/devkitpro/libctru/lib/libctru.a(3dslink.o)
                              /opt/devkitpro/libctru/lib/libctru.a(initArgv.o) (__3dslink_host)
/opt/devkitpro/libctru/lib/libctru.a(srv.o)
                              /opt/devkitpro/libctru/lib/libctru.a(apt.o) (srvInit)
/opt/devkitpro/libctru/lib/libctru.a(thread.o)
                              /opt/devkitpro/libctru/lib/libctru.a(gspgpu.o) (threadCreate)
/opt/devkitpro/libctru/lib/libctru.a(mappable.o)
                              /opt/devkitpro/libctru/lib/libctru.a(gspgpu.o) (mappableAlloc)
/opt/devkitpro/libctru/lib/libctru.a(irrst.o)
                              /opt/devkitpro/libctru/lib/libctru.a(hid.o) (irrstInit)
/opt/devkitpro/libctru/lib/libctru.a(srvpm.o)
                              /opt/devkitpro/libctru/lib/libctru.a(srv.o) (srvPmGetSessionHandle)
/opt/devkitpro/libctru/lib/libctru.a(ptmsysm.o)
                              /opt/devkitpro/libctru/lib/libctru.a(os.o) (ptmSysmInit)
/opt/devkitpro/libctru/lib/libctru.a(soc_connect.o)
                              /opt/devkitpro/libctru/lib/libctru.a(3dslink.o) (connect)
/opt/devkitpro/libctru/lib/libctru.a(soc_socket.o)
                              /opt/devkitpro/libctru/lib/libctru.a(3dslink.o) (socket)
/opt/devkitpro/libctru/lib/libctru.a(soc_common.o)
                              /opt/devkitpro/libctru/lib/libctru.a(soc_connect.o) (_net_convert_error)
/opt/devkitpro/libctru/lib/libctru.a(rbtree_init.o)
                              /opt/devkitpro/libctru/lib/libctru.a(vram.o) (rbtree_init)
/opt/devkitpro/libctru/lib/libctru.a(rbtree_insert.o)
                              /opt/devkitpro/libctru/lib/libctru.a(vram.o) (rbtree_insert)
/opt/devkitpro/libctru/lib/libctru.a(rbtree_rotate.o)
                              /opt/devkitpro/libctru/lib/libctru.a(rbtree_insert.o) (rbtree_rotate)
/opt/devkitpro/libctru/lib/libctru.a(rbtree_remove.o)
                              /opt/devkitpro/libctru/lib/libctru.a(vram.o) (rbtree_remove)
/opt/devkitpro/libctru/lib/libctru.a(rbtree_find.o)
                              /opt/devkitpro/libctru/lib/libctru.a(vram.o) (rbtree_find)
/opt/devkitpro/libctru/lib/libctru.a(appInit.o)
                              /opt/devkitpro/libctru/lib/libctru.a(stack_adjust.o) (__appInit)
/opt/devkitpro/libctru/lib/libctru.a(syscalls.o)
                              /opt/devkitpro/libctru/lib/libctru.a(thread.o) (initThreadVars)
/opt/devkitpro/libctru/lib/libctru.a(allocateHeaps.o)
                              /opt/devkitpro/libctru/lib/libctru.a(ctru_init.o) (__system_allocateHeaps)
/opt/devkitpro/libctru/lib/libctru.a(appExit.o)
                              /opt/devkitpro/libctru/lib/libctru.a(stack_adjust.o) (__appExit)
/opt/devkitpro/libctru/lib/libctru.a(ctru_exit.o)
[...]
Memory Configuration

Name             Origin             Length             Attributes
*default*        0x00000000         0xffffffff

Linker script and memory map

                0x00100000                        PROVIDE (__start__ = 0x100000)
                0x00100000                        . = __start__

.text           0x00100000    0x22350
 *(.crt0)
 .crt0          0x00100000       0x94 /opt/devkitpro/devkitARM/bin/../lib/gcc/arm-none-eabi/12.2.0/../../../../arm-none-eabi/lib/armv6k/fpu/3dsx_crt0.o
                0x00100000                _start
                0x00100008                __service_ptr
                0x0010000c                __apt_appid
                0x00100010                __heap_size
                0x00100014                __linear_heap_size
                0x00100018                __system_arglist
                0x0010001c                __system_runflags
 *(.init)
 .init          0x00100094        0xc /opt/devkitpro/devkitARM/bin/../lib/gcc/arm-none-eabi/12.2.0/armv6k/fpu/crti.o
                0x00100094                _init
 .init          0x001000a0        0xc /opt/devkitpro/devkitARM/bin/../lib/gcc/arm-none-eabi/12.2.0/armv6k/fpu/crtn.o
                0x001000ac                        . = ALIGN (0x4)
 *(.text)
 .text          0x001000ac      0x240 /opt/devkitpro/devkitARM/bin/../lib/gcc/arm-none-eabi/12.2.0/armv6k/fpu/libgcc.a(_divsi3.o)
                0x001000ac                __aeabi_idiv
                0x001000ac                __divsi3
                0x001002cc                __aeabi_idivmod
 .text          0x001002ec        0x4 /opt/devkitpro/devkitARM/bin/../lib/gcc/arm-none-eabi/12.2.0/armv6k/fpu/libgcc.a(_dvmd_tls.o)
                0x001002ec                __aeabi_ldiv0
                0x001002ec                __aeabi_idiv0
 .text          0x001002f0      0x250 /opt/devkitpro/devkitARM/bin/../lib/gcc/arm-none-eabi/12.2.0/armv6k/fpu/libgcc.a(_arm_addsubsf3.o)
                0x001002f0                __aeabi_frsub
                0x001002f8                __subsf3
                0x001002f8                __aeabi_fsub
                0x001002fc                __aeabi_fadd
                0x001002fc                __addsf3
                0x0010048c                __aeabi_ui2f
                0x0010048c                __floatunsisf
                0x00100494                __aeabi_i2f
                0x00100494                __floatsisf
                0x001004b4                __floatundisf
                0x001004b4                __aeabi_ul2f
                0x001004c4                __floatdisf
                0x001004c4                __aeabi_l2f
 .text          0x00100540       0x3c /opt/devkitpro/devkitARM/bin/../lib/gcc/arm-none-eabi/12.2.0/armv6k/fpu/libgcc.a(_aeabi_uldivmod.o)
                0x00100540                __aeabi_uldivmod
 *fill*         0x0010057c        0x4 
 .text          0x00100580      0x390 /opt/devkitpro/devkitARM/bin/../lib/gcc/arm-none-eabi/12.2.0/../../../../arm-none-eabi/lib/armv6k/fpu/libg.a(libc_a-strcmp.o)
                0x00100588                strcmp
 .text          0x00100910      0x20c /opt/devkitpro/devkitARM/bin/../lib/gcc/arm-none-eabi/12.2.0/armv6k/fpu/libgcc.a(_udivsi3.o)
                0x00100910                __udivsi3
                0x00100910                __aeabi_uidiv
                0x00100afc                __aeabi_uidivmod
 .text          0x00100b1c      0x3c0 /opt/devkitpro/devkitARM/bin/../lib/gcc/arm-none-eabi/12.2.0/armv6k/fpu/libgcc.a(_arm_addsubdf3.o)
                0x00100b1c                __aeabi_drsub
                0x00100b24                __aeabi_dsub
                0x00100b24                __subdf3
                0x00100b28                __adddf3
                0x00100b28                __aeabi_dadd
                0x00100dd4                __aeabi_ui2d
                0x00100dd4                __floatunsidf
                0x00100df8                __floatsidf
                0x00100df8                __aeabi_i2d
                0x00100e20                __extendsfdf2
                0x00100e20                __aeabi_f2d
                0x00100e68                __aeabi_ul2d
                0x00100e68                __floatundidf
                0x00100e7c                __floatdidf
                0x00100e7c                __aeabi_l2d
 *(.text.*)
 .text.__do_global_dtors_aux
                0x00100edc       0x40 /opt/devkitpro/devkitARM/bin/../lib/gcc/arm-none-eabi/12.2.0/armv6k/fpu/crtbegin.o
 .text.frame_dummy
                0x00100f1c       0x2c /opt/devkitpro/devkitARM/bin/../lib/gcc/arm-none-eabi/12.2.0/armv6k/fpu/crtbegin.o
 .text.drawBackground
                0x00100f48       0x4c main.o
                0x00100f48                drawBackground
 .text.startup.main
                0x00100f94       0xec main.o
                0x00100f94                main
 .text.loopECS  0x00101080       0x24 systems.o
                0x00101080                loopECS
 *fill*         0x001010a4        0x4 
 .text.init_world
                0x001010a8      0xf94 world.o
                0x001010a8                init_world
 .text.create_entity
                0x0010203c       0x14 world.o
                0x0010203c                create_entity
 .text.add_component
                0x00102050      0x2e8 world.o
                0x00102050                add_component
 .text.pHello   0x00102338       0xac ui.o
                0x00102338                pHello
 .text.draw_label_system
                0x001023e4      0x190 label.o
                0x001023e4                draw_label_system
 .text.parseColor
                0x00102574      0x1e8 /opt/devkitpro/libctru/lib/libctru.a(console.o)
 .text.consoleDrawChar
                0x0010275c      0x1ac /opt/devkitpro/libctru/lib/libctru.a(console.o)
                0x0010275c                consoleDrawChar
 .text.consolePrintChar
                0x00102908      0x124 /opt/devkitpro/libctru/lib/libctru.a(console.o)
                0x00102908                consolePrintChar
 .text.con_write
                0x00102a2c      0xb94 /opt/devkitpro/libctru/lib/libctru.a(console.o)
                0x00102a2c                con_write
 .text.newRow   0x001035c0       0xfc /opt/devkitpro/libctru/lib/libctru.a(console.o)
 .text.consoleInit
                0x001036bc      0x170 /opt/devkitpro/libctru/lib/libctru.a(console.o)
                0x001036bc                consoleInit
 .text.consoleClear
                0x0010382c       0xbc /opt/devkitpro/libctru/lib/libctru.a(console.o)
                0x0010382c                consoleClear
 .text.gfxPresentFramebuffer
                0x001038e8       0xd0 /opt/devkitpro/libctru/lib/libctru.a(gfx.o)
 .text.gfxIsWide
                0x001039b8       0x1c /opt/devkitpro/libctru/lib/libctru.a(gfx.o)
                0x001039b8                gfxIsWide
 .text.gfxSetScreenFormat
                0x001039d4       0xec /opt/devkitpro/libctru/lib/libctru.a(gfx.o)
                0x001039d4                gfxSetScreenFormat
 .text.gfxSetDoubleBuffering
                0x00103ac0       0x10 /opt/devkitpro/libctru/lib/libctru.a(gfx.o)
                0x00103ac0                gfxSetDoubleBuffering
 .text.gfxInit  0x00103ad0       0xe0 /opt/devkitpro/libctru/lib/libctru.a(gfx.o)
                0x00103ad0                gfxInit
 .text.gfxInitDefault
                0x00103bb0       0x10 /opt/devkitpro/libctru/lib/libctru.a(gfx.o)
                0x00103bb0                gfxInitDefault
 .text.gfxExit  0x00103bc0       0xb4 /opt/devkitpro/libctru/lib/libctru.a(gfx.o)
                0x00103bc0                gfxExit
 .text.gfxGetFramebuffer
                0x00103c74       0xa0 /opt/devkitpro/libctru/lib/libctru.a(gfx.o)
                0x00103c74                gfxGetFramebuffer
 .text.gfxFlushBuffers
                0x00103d14      0x104 /opt/devkitpro/libctru/lib/libctru.a(gfx.o)
                0x00103d14                gfxFlushBuffers
 .text.gfxSwapBuffers
                0x00103e18       0x50 /opt/devkitpro/libctru/lib/libctru.a(gfx.o)
                0x00103e18                gfxSwapBuffers
 .text.gfxSwapBuffersGpu
                0x00103e68       0x50 /opt/devkitpro/libctru/lib/libctru.a(gfx.o)
                0x00103e68                gfxSwapBuffersGpu
 .text.gspHardwareInit
                0x00103eb8      0xc58 /opt/devkitpro/libctru/lib/libctru.a(gspgpu.o)
 .text.gspInit  0x00104b10      0x248 /opt/devkitpro/libctru/lib/libctru.a(gspgpu.o)
                0x00104b10                gspInit
 .text.gspExit  0x00104d58       0xf0 /opt/devkitpro/libctru/lib/libctru.a(gspgpu.o)
                0x00104d58                gspExit
 .text.gspHasGpuRight
                0x00104e48       0x10 /opt/devkitpro/libctru/lib/libctru.a(gspgpu.o)
                0x00104e48                gspHasGpuRight
 .text.gspPresentBuffer
                0x00104e58       0xa0 /opt/devkitpro/libctru/lib/libctru.a(gspgpu.o)
                0x00104e58                gspPresentBuffer
 .text.gspWaitForEvent
                0x00104ef8       0x44 /opt/devkitpro/libctru/lib/libctru.a(gspgpu.o)
                0x00104ef8                gspWaitForEvent
 .text.gxCmdQueueInterrupt
                0x00104f3c        0x4 /opt/devkitpro/libctru/lib/libctru.a(gspgpu.o)
                0x00104f3c                gxCmdQueueInterrupt
 .text.gspEventThreadMain
                0x00104f40      0x158 /opt/devkitpro/libctru/lib/libctru.a(gspgpu.o)
 .text.GSPGPU_FlushDataCache
                0x00105098       0x50 /opt/devkitpro/libctru/lib/libctru.a(gspgpu.o)
                0x00105098                GSPGPU_FlushDataCache
 .text.GSPGPU_SetLcdForceBlack
                0x001050e8       0x34 /opt/devkitpro/libctru/lib/libctru.a(gspgpu.o)
                0x001050e8                GSPGPU_SetLcdForceBlack
 .text.GSPGPU_AcquireRight
                0x0010511c       0x68 /opt/devkitpro/libctru/lib/libctru.a(gspgpu.o)
                0x0010511c                GSPGPU_AcquireRight
 .text.GSPGPU_ReleaseRight
                0x00105184       0x48 /opt/devkitpro/libctru/lib/libctru.a(gspgpu.o)
                0x00105184                GSPGPU_ReleaseRight
 .text.GSPGPU_ImportDisplayCaptureInfo
                0x001051cc       0x7c /opt/devkitpro/libctru/lib/libctru.a(gspgpu.o)
                0x001051cc                GSPGPU_ImportDisplayCaptureInfo
 .text.GSPGPU_SaveVramSysArea
                0x00105248       0x2c /opt/devkitpro/libctru/lib/libctru.a(gspgpu.o)
                0x00105248                GSPGPU_SaveVramSysArea
 .text.GSPGPU_RestoreVramSysArea
                0x00105274       0x2c /opt/devkitpro/libctru/lib/libctru.a(gspgpu.o)
                0x00105274                GSPGPU_RestoreVramSysArea
 .text.hidShouldUseIrrst
                0x001052a0       0x24 /opt/devkitpro/libctru/lib/libctru.a(hid.o)
                0x001052a0                hidShouldUseIrrst
 .text.hidInit  0x001052c4      0x18c /opt/devkitpro/libctru/lib/libctru.a(hid.o)
                0x001052c4                hidInit
 .text.hidExit  0x00105450       0xe8 /opt/devkitpro/libctru/lib/libctru.a(hid.o)
                0x00105450                hidExit
 .text.aptConvertScreenForCapture
                0x00105538      0x1a4 /opt/devkitpro/libctru/lib/libctru.a(apt.o)
 .text.aptDspSleep
                0x001056dc        0x8 /opt/devkitpro/libctru/lib/libctru.a(apt.o)
                0x001056dc                aptDspSleep
 .text.aptDspWakeup
                0x001056e4        0x4 /opt/devkitpro/libctru/lib/libctru.a(apt.o)
                0x001056e4                aptDspWakeup
 .text.aptDspCancel
                0x001056e8        0x4 /opt/devkitpro/libctru/lib/libctru.a(apt.o)
                0x001056e8                aptDspCancel
 .text.aptSendCommand
                0x001056ec      0x158 /opt/devkitpro/libctru/lib/libctru.a(apt.o)
                0x001056ec                aptSendCommand
 *fill*         0x00105844        0x4 
 .text.aptExitProcess
                0x00105848       0x44 /opt/devkitpro/libctru/lib/libctru.a(apt.o)
 .text.aptExit  0x0010588c      0x38c /opt/devkitpro/libctru/lib/libctru.a(apt.o)
                0x0010588c                aptExit
 .text.aptHandleSleep
                0x00105c18       0xe0 /opt/devkitpro/libctru/lib/libctru.a(apt.o)
                0x00105c18                aptHandleSleep
 .text.APT_SleepIfShellClosed
                0x00105cf8       0x84 /opt/devkitpro/libctru/lib/libctru.a(apt.o)
                0x00105cf8                APT_SleepIfShellClosed
 .text.aptSetSleepAllowed
                0x00105d7c       0x84 /opt/devkitpro/libctru/lib/libctru.a(apt.o)
                0x00105d7c                aptSetSleepAllowed
 .text.APT_UnlockTransition
                0x00105e00       0x84 /opt/devkitpro/libctru/lib/libctru.a(apt.o)
                0x00105e00                APT_UnlockTransition
 *fill*         0x00105e84        0x4 
 .text.aptEventHandler
                0x00105e88      0x4a4 /opt/devkitpro/libctru/lib/libctru.a(apt.o)
 .text.APT_ReceiveParameter
                0x0010632c       0xb0 /opt/devkitpro/libctru/lib/libctru.a(apt.o)
                0x0010632c                APT_ReceiveParameter
 .text.aptReceiveParameter.constprop.0
                0x001063dc       0xb0 /opt/devkitpro/libctru/lib/libctru.a(apt.o)
 *fill*         0x0010648c        0x4 
 .text.aptScreenTransfer
                0x00106490      0x2ac /opt/devkitpro/libctru/lib/libctru.a(apt.o)
 .text.aptWaitForWakeUp.isra.0
                0x0010673c      0x344 /opt/devkitpro/libctru/lib/libctru.a(apt.o)
 .text.aptJumpToHomeMenu
                0x00106a80      0x100 /opt/devkitpro/libctru/lib/libctru.a(apt.o)
                0x00106a80                aptJumpToHomeMenu
 .text.aptMainLoop
                0x00106b80       0x48 /opt/devkitpro/libctru/lib/libctru.a(apt.o)
                0x00106b80                aptMainLoop
 .text.aptInit  0x00106bc8      0x22c /opt/devkitpro/libctru/lib/libctru.a(apt.o)
                0x00106bc8                aptInit
 .text.APT_CheckNew3DS
                0x00106df4       0x7c /opt/devkitpro/libctru/lib/libctru.a(apt.o)
                0x00106df4                APT_CheckNew3DS
 .text.__libctru_init
                0x00106e70       0x38 /opt/devkitpro/libctru/lib/libctru.a(ctru_init.o)
                0x00106e70                __libctru_init
 .text.__system_initArgv
                0x00106ea8      0x170 /opt/devkitpro/libctru/lib/libctru.a(initArgv.o)
                0x00106ea8                __system_initArgv
 .text.svcControlMemory
                0x00107018       0x20 /opt/devkitpro/libctru/lib/libctru.a(svc.o)
                0x00107018                svcControlMemory
 .text.svcQueryMemory
                0x00107038       0x30 /opt/devkitpro/libctru/lib/libctru.a(svc.o)
                0x00107038                svcQueryMemory
 .text.svcExitProcess
                0x00107068        0x8 /opt/devkitpro/libctru/lib/libctru.a(svc.o)
                0x00107068                svcExitProcess
 .text.svcCreateThread
                0x00107070       0x20 /opt/devkitpro/libctru/lib/libctru.a(svc.o)
                0x00107070                svcCreateThread
 .text.svcExitThread
                0x00107090        0x8 /opt/devkitpro/libctru/lib/libctru.a(svc.o)
                0x00107090                svcExitThread
 .text.svcSleepThread
                0x00107098        0x8 /opt/devkitpro/libctru/lib/libctru.a(svc.o)
                0x00107098                svcSleepThread
 .text.svcReleaseMutex
                0x001070a0        0x8 /opt/devkitpro/libctru/lib/libctru.a(svc.o)
                0x001070a0                svcReleaseMutex
 .text.svcCreateEvent
                0x001070a8       0x14 /opt/devkitpro/libctru/lib/libctru.a(svc.o)
                0x001070a8                svcCreateEvent
 .text.svcSignalEvent
                0x001070bc        0x8 /opt/devkitpro/libctru/lib/libctru.a(svc.o)
                0x001070bc                svcSignalEvent
 .text.svcClearEvent
                0x001070c4        0x8 /opt/devkitpro/libctru/lib/libctru.a(svc.o)
                0x001070c4                svcClearEvent
 .text.svcMapMemoryBlock
                0x001070cc        0x8 /opt/devkitpro/libctru/lib/libctru.a(svc.o)
                0x001070cc                svcMapMemoryBlock
 .text.svcUnmapMemoryBlock
                0x001070d4        0x8 /opt/devkitpro/libctru/lib/libctru.a(svc.o)
                0x001070d4                svcUnmapMemoryBlock
 .text.svcCreateAddressArbiter
                0x001070dc       0x14 /opt/devkitpro/libctru/lib/libctru.a(svc.o)
                0x001070dc                svcCreateAddressArbiter
 .text.svcArbitrateAddressNoTimeout
                0x001070f0        0x8 /opt/devkitpro/libctru/lib/libctru.a(svc.o)
                0x001070f0                svcArbitrateAddressNoTimeout
 .text.svcCloseHandle
                0x001070f8        0x8 /opt/devkitpro/libctru/lib/libctru.a(svc.o)
                0x001070f8                svcCloseHandle
 .text.svcWaitSynchronization
                0x00107100        0x8 /opt/devkitpro/libctru/lib/libctru.a(svc.o)
                0x00107100                svcWaitSynchronization
 .text.svcWaitSynchronizationN
                0x00107108       0x28 /opt/devkitpro/libctru/lib/libctru.a(svc.o)
                0x00107108                svcWaitSynchronizationN
 .text.svcDuplicateHandle
                0x00107130       0x14 /opt/devkitpro/libctru/lib/libctru.a(svc.o)
                0x00107130                svcDuplicateHandle
 .text.svcGetSystemTick
                0x00107144        0x8 /opt/devkitpro/libctru/lib/libctru.a(svc.o)
                0x00107144                svcGetSystemTick
 .text.svcConnectToPort
                0x0010714c       0x14 /opt/devkitpro/libctru/lib/libctru.a(svc.o)
                0x0010714c                svcConnectToPort
 .text.svcSendSyncRequest
                0x00107160        0x8 /opt/devkitpro/libctru/lib/libctru.a(svc.o)
                0x00107160                svcSendSyncRequest
 .text.svcGetResourceLimit
                0x00107168       0x14 /opt/devkitpro/libctru/lib/libctru.a(svc.o)
                0x00107168                svcGetResourceLimit
 .text.svcGetResourceLimitLimitValues
                0x0010717c        0x8 /opt/devkitpro/libctru/lib/libctru.a(svc.o)
                0x0010717c                svcGetResourceLimitLimitValues
 .text.svcGetResourceLimitCurrentValues
                0x00107184        0x8 /opt/devkitpro/libctru/lib/libctru.a(svc.o)
                0x00107184                svcGetResourceLimitCurrentValues
 .text.svcBreak
                0x0010718c        0x8 /opt/devkitpro/libctru/lib/libctru.a(svc.o)
                0x0010718c                svcBreak
 .text.initSystem
                0x00107194       0x50 /opt/devkitpro/libctru/lib/libctru.a(stack_adjust.o)
                0x00107194                initSystem
 .text.__ctru_exit
                0x001071e4       0x18 /opt/devkitpro/libctru/lib/libctru.a(stack_adjust.o)
                0x001071e4                __ctru_exit
 .text._ZL21addrMapNodeComparatorPK11rbtree_nodeS1_
                0x001071fc       0x24 /opt/devkitpro/libctru/lib/libctru.a(vram.o)
 .text._ZL21addrMapNodeDestructorP11rbtree_node
                0x00107220        0x4 /opt/devkitpro/libctru/lib/libctru.a(vram.o)
 .text.vramMemAlignAt
                0x00107224      0x250 /opt/devkitpro/libctru/lib/libctru.a(vram.o)
                0x00107224                vramMemAlignAt
 .text.vramAlloc
                0x00107474        0xc /opt/devkitpro/libctru/lib/libctru.a(vram.o)
                0x00107474                vramAlloc
 .text.vramFree
                0x00107480       0x90 /opt/devkitpro/libctru/lib/libctru.a(vram.o)
                0x00107480                vramFree
 .text._ZL21addrMapNodeComparatorPK11rbtree_nodeS1_
                0x00107510       0x24 /opt/devkitpro/libctru/lib/libctru.a(linear.o)
 .text._ZL21addrMapNodeDestructorP11rbtree_node
                0x00107534        0x4 /opt/devkitpro/libctru/lib/libctru.a(linear.o)
 .text.linearMemAlign
                0x00107538      0x120 /opt/devkitpro/libctru/lib/libctru.a(linear.o)
                0x00107538                linearMemAlign
 .text.linearAlloc
                0x00107658        0x8 /opt/devkitpro/libctru/lib/libctru.a(linear.o)
                0x00107658                linearAlloc
 .text.linearFree
                0x00107660       0x5c /opt/devkitpro/libctru/lib/libctru.a(linear.o)
                0x00107660                linearFree
 .text._ZN7MemPool13CoalesceRightEP8MemBlock
                0x001076bc       0x80 /opt/devkitpro/libctru/lib/libctru.a(mem_pool.o)
                0x001076bc                MemPool::CoalesceRight(MemBlock*)
 .text._ZN7MemPool8AllocateER8MemChunkmi
                0x0010773c      0x16c /opt/devkitpro/libctru/lib/libctru.a(mem_pool.o)
                0x0010773c                MemPool::Allocate(MemChunk&, unsigned long, int)
 .text._ZN7MemPool10DeallocateERK8MemChunk
                0x001078a8       0xfc /opt/devkitpro/libctru/lib/libctru.a(mem_pool.o)
                0x001078a8                MemPool::Deallocate(MemChunk const&)
 .text._ZN7MemPool12GetFreeSpaceEv
                0x001079a4       0x30 /opt/devkitpro/libctru/lib/libctru.a(mem_pool.o)
                0x001079a4                MemPool::GetFreeSpace()
 .text.__sync_init
                0x001079d4        0xc /opt/devkitpro/libctru/lib/libctru.a(synchronization.o)
                0x001079d4                __sync_init
 .text.__sync_fini
                0x001079e0       0x18 /opt/devkitpro/libctru/lib/libctru.a(synchronization.o)
                0x001079e0                __sync_fini
 .text.syncArbitrateAddress
                0x001079f8       0x2c /opt/devkitpro/libctru/lib/libctru.a(synchronization.o)
                0x001079f8                syncArbitrateAddress
 .text.LightLock_Lock
                0x00107a24       0xb0 /opt/devkitpro/libctru/lib/libctru.a(synchronization.o)
                0x00107a24                LightLock_Lock
 .text.LightLock_Unlock
                0x00107ad4       0x40 /opt/devkitpro/libctru/lib/libctru.a(synchronization.o)
                0x00107ad4                LightLock_Unlock
 .text.RecursiveLock_Lock
                0x00107b14       0x30 /opt/devkitpro/libctru/lib/libctru.a(synchronization.o)
                0x00107b14                RecursiveLock_Lock
 .text.RecursiveLock_Unlock
                0x00107b44       0x54 /opt/devkitpro/libctru/lib/libctru.a(synchronization.o)
                0x00107b44                RecursiveLock_Unlock
 .text.LightEvent_Init
                0x00107b98       0x40 /opt/devkitpro/libctru/lib/libctru.a(synchronization.o)
                0x00107b98                LightEvent_Init
 .text.LightEvent_Clear
                0x00107bd8       0xa4 /opt/devkitpro/libctru/lib/libctru.a(synchronization.o)
                0x00107bd8                LightEvent_Clear
 .text.LightEvent_Signal
                0x00107c7c       0xc8 /opt/devkitpro/libctru/lib/libctru.a(synchronization.o)
                0x00107c7c                LightEvent_Signal
 .text.LightEvent_TryWait
                0x00107d44       0x50 /opt/devkitpro/libctru/lib/libctru.a(synchronization.o)
                0x00107d44                LightEvent_TryWait
 .text.LightEvent_Wait
                0x00107d94       0xb0 /opt/devkitpro/libctru/lib/libctru.a(synchronization.o)
                0x00107d94                LightEvent_Wait
 .text.__ctru_speedup_config
                0x00107e44       0x34 /opt/devkitpro/libctru/lib/libctru.a(os.o)
                0x00107e44                __ctru_speedup_config
 .text.srvInit  0x00107e78      0x130 /opt/devkitpro/libctru/lib/libctru.a(srv.o)
                0x00107e78                srvInit
 .text.srvExit  0x00107fa8       0x58 /opt/devkitpro/libctru/lib/libctru.a(srv.o)
                0x00107fa8                srvExit
 .text.srvEnableNotification
                0x00108000       0x60 /opt/devkitpro/libctru/lib/libctru.a(srv.o)
                0x00108000                srvEnableNotification
 .text.srvGetServiceHandleDirect
                0x00108060       0xa0 /opt/devkitpro/libctru/lib/libctru.a(srv.o)
                0x00108060                srvGetServiceHandleDirect
 .text.srvGetServiceHandle
                0x00108100       0x38 /opt/devkitpro/libctru/lib/libctru.a(srv.o)
                0x00108100                srvGetServiceHandle
 .text.srvSubscribe
                0x00108138       0x34 /opt/devkitpro/libctru/lib/libctru.a(srv.o)
                0x00108138                srvSubscribe
 .text.srvReceiveNotification
                0x0010816c       0x60 /opt/devkitpro/libctru/lib/libctru.a(srv.o)
                0x0010816c                srvReceiveNotification
 .text.srvPublishToSubscriber
                0x001081cc       0x38 /opt/devkitpro/libctru/lib/libctru.a(srv.o)
                0x001081cc                srvPublishToSubscriber
 .text.threadCreate
                0x00108204      0x1d4 /opt/devkitpro/libctru/lib/libctru.a(thread.o)
                0x00108204                threadCreate
 .text.threadFree
                0x001083d8       0x2c /opt/devkitpro/libctru/lib/libctru.a(thread.o)
                0x001083d8                threadFree
 .text.threadJoin
                0x00108404       0x24 /opt/devkitpro/libctru/lib/libctru.a(thread.o)
                0x00108404                threadJoin
 .text.threadGetCurrent
                0x00108428       0x30 /opt/devkitpro/libctru/lib/libctru.a(thread.o)
                0x00108428                threadGetCurrent
 .text.threadExit
                0x00108458       0x40 /opt/devkitpro/libctru/lib/libctru.a(thread.o)
                0x00108458                threadExit
 .text._thread_begin
                0x00108498       0x20 /opt/devkitpro/libctru/lib/libctru.a(thread.o)
 .text.mappableFindAddressWithin
                0x001084b8       0xb4 /opt/devkitpro/libctru/lib/libctru.a(mappable.o)
 .text.mappableInit
                0x0010856c       0x28 /opt/devkitpro/libctru/lib/libctru.a(mappable.o)
                0x0010856c                mappableInit
 .text.mappableAlloc
                0x00108594       0x80 /opt/devkitpro/libctru/lib/libctru.a(mappable.o)
                0x00108594                mappableAlloc
 .text.mappableFree
                0x00108614        0x4 /opt/devkitpro/libctru/lib/libctru.a(mappable.o)
                0x00108614                mappableFree
 .text.irrstInit
                0x00108618      0x164 /opt/devkitpro/libctru/lib/libctru.a(irrst.o)
                0x00108618                irrstInit
 .text.irrstExit
                0x0010877c       0xcc /opt/devkitpro/libctru/lib/libctru.a(irrst.o)
                0x0010877c                irrstExit
 .text.srvPmGetSessionHandle
                0x00108848        0xc /opt/devkitpro/libctru/lib/libctru.a(srvpm.o)
                0x00108848                srvPmGetSessionHandle
 .text.ptmSysmInit
                0x00108854       0x74 /opt/devkitpro/libctru/lib/libctru.a(ptmsysm.o)
                0x00108854                ptmSysmInit
 .text.ptmSysmExit
                0x001088c8       0x3c /opt/devkitpro/libctru/lib/libctru.a(ptmsysm.o)
                0x001088c8                ptmSysmExit
 .text.PTMSYSM_ConfigureNew3DSCPU
                0x00108904       0x34 /opt/devkitpro/libctru/lib/libctru.a(ptmsysm.o)
                0x00108904                PTMSYSM_ConfigureNew3DSCPU
 .text.rbtree_init
                0x00108938       0x10 /opt/devkitpro/libctru/lib/libctru.a(rbtree_init.o)
                0x00108938                rbtree_init
 .text.do_insert
                0x00108948      0x1b4 /opt/devkitpro/libctru/lib/libctru.a(rbtree_insert.o)
 .text.rbtree_insert
                0x00108afc        0x8 /opt/devkitpro/libctru/lib/libctru.a(rbtree_insert.o)
                0x00108afc                rbtree_insert
 .text.rbtree_rotate
                0x00108b04       0x90 /opt/devkitpro/libctru/lib/libctru.a(rbtree_rotate.o)
                0x00108b04                rbtree_rotate
 .text.rbtree_remove
                0x00108b94      0x318 /opt/devkitpro/libctru/lib/libctru.a(rbtree_remove.o)
                0x00108b94                rbtree_remove
 .text.rbtree_find
                0x00108eac       0x74 /opt/devkitpro/libctru/lib/libctru.a(rbtree_find.o)
                0x00108eac                rbtree_find
 .text.__appInit
                0x00108f20       0x30 /opt/devkitpro/libctru/lib/libctru.a(appInit.o)
                0x00108f20                __appInit
 .text.__syscall_getreent
                0x00108f50       0x30 /opt/devkitpro/libctru/lib/libctru.a(syscalls.o)
                0x00108f50                __syscall_getreent
 .text.__syscall_lock_acquire
                0x00108f80        0x4 /opt/devkitpro/libctru/lib/libctru.a(syscalls.o)
                0x00108f80                __syscall_lock_acquire
 .text.__syscall_lock_release
                0x00108f84        0x4 /opt/devkitpro/libctru/lib/libctru.a(syscalls.o)
                0x00108f84                __syscall_lock_release
 .text.__syscall_lock_acquire_recursive
                0x00108f88        0x4 /opt/devkitpro/libctru/lib/libctru.a(syscalls.o)
                0x00108f88                __syscall_lock_acquire_recursive
 .text.__syscall_lock_release_recursive
                0x00108f8c        0x4 /opt/devkitpro/libctru/lib/libctru.a(syscalls.o)
                0x00108f8c                __syscall_lock_release_recursive
 .text.__syscall_exit
                0x00108f90        0x4 /opt/devkitpro/libctru/lib/libctru.a(syscalls.o)
                0x00108f90                __syscall_exit
 .text.initThreadVars
                0x00108f94       0x50 /opt/devkitpro/libctru/lib/libctru.a(syscalls.o)
                0x00108f94                initThreadVars
 .text.__system_initSyscalls
                0x00108fe4       0x80 /opt/devkitpro/libctru/lib/libctru.a(syscalls.o)
                0x00108fe4                __system_initSyscalls
 *fill*         0x00109064        0x4 
 .text.__system_allocateHeaps
                0x00109068      0x1e0 /opt/devkitpro/libctru/lib/libctru.a(allocateHeaps.o)
                0x00109068                __system_allocateHeaps
 .text.__appExit
                0x00109248       0x30 /opt/devkitpro/libctru/lib/libctru.a(appExit.o)
                0x00109248                __appExit
 .text.__libctru_exit
                0x00109278       0x90 /opt/devkitpro/libctru/lib/libctru.a(ctru_exit.o)
                0x00109278                __libctru_exit
 .text.envGetHandle
                0x00109308       0x84 /opt/devkitpro/libctru/lib/libctru.a(env.o)
                0x00109308                envGetHandle
 .text.envDestroyHandles
                0x0010938c       0x50 /opt/devkitpro/libctru/lib/libctru.a(env.o)
                0x0010938c                envDestroyHandles
 .text.archive_link
                0x001093dc       0x14 /opt/devkitpro/libctru/lib/libctru.a(archive_dev.o)
 .text.archive_dirreset
                0x001093f0       0x14 /opt/devkitpro/libctru/lib/libctru.a(archive_dev.o)
 .text.archive_chmod
                0x00109404       0x14 /opt/devkitpro/libctru/lib/libctru.a(archive_dev.o)
 .text.error_cmp
                0x00109418       0x24 /opt/devkitpro/libctru/lib/libctru.a(archive_dev.o)
 .text.archive_translate_error
                0x0010943c       0x50 /opt/devkitpro/libctru/lib/libctru.a(archive_dev.o)
 .text.archive_seek
                0x0010948c       0xc8 /opt/devkitpro/libctru/lib/libctru.a(archive_dev.o)
 .text._archiveInit.part.0
                0x00109554       0x7c /opt/devkitpro/libctru/lib/libctru.a(archive_dev.o)
 .text.archiveFindDevice.part.0
                0x001095d0       0xc4 /opt/devkitpro/libctru/lib/libctru.a(archive_dev.o)
 .text.archive_utf16path
                0x00109694      0x25c /opt/devkitpro/libctru/lib/libctru.a(archive_dev.o)
 .text._archiveUnmountDeviceStruct.part.0
                0x001098f0       0xa0 /opt/devkitpro/libctru/lib/libctru.a(archive_dev.o)
 .text.archive_fchmod
                0x00109990       0x14 /opt/devkitpro/libctru/lib/libctru.a(archive_dev.o)
 .text.archive_statvfs
                0x001099a4       0x14 /opt/devkitpro/libctru/lib/libctru.a(archive_dev.o)
 .text._archiveMountDevice
                0x001099b8      0x164 /opt/devkitpro/libctru/lib/libctru.a(archive_dev.o)
 .text.archive_diropen
                0x00109b1c       0xe8 /opt/devkitpro/libctru/lib/libctru.a(archive_dev.o)
 .text.archive_fstat
                0x00109c04       0xa4 /opt/devkitpro/libctru/lib/libctru.a(archive_dev.o)
 .text.archive_close
                0x00109ca8       0x6c /opt/devkitpro/libctru/lib/libctru.a(archive_dev.o)
 .text.archive_fsync
                0x00109d14       0x6c /opt/devkitpro/libctru/lib/libctru.a(archive_dev.o)
 .text.archive_dirclose
                0x00109d80       0x70 /opt/devkitpro/libctru/lib/libctru.a(archive_dev.o)
 .text.sdmc_statvfs
                0x00109df0       0xe8 /opt/devkitpro/libctru/lib/libctru.a(archive_dev.o)
 .text.archive_chdir
                0x00109ed8       0xec /opt/devkitpro/libctru/lib/libctru.a(archive_dev.o)
 .text.archive_ftruncate
                0x00109fc4       0x7c /opt/devkitpro/libctru/lib/libctru.a(archive_dev.o)
 .text.archive_read
                0x0010a040       0xac /opt/devkitpro/libctru/lib/libctru.a(archive_dev.o)
 .text.archive_unlink
                0x0010a0ec       0xa4 /opt/devkitpro/libctru/lib/libctru.a(archive_dev.o)
 .text.archive_rmdir
                0x0010a190       0xbc /opt/devkitpro/libctru/lib/libctru.a(archive_dev.o)
 .text.archive_mkdir
                0x0010a24c       0xdc /opt/devkitpro/libctru/lib/libctru.a(archive_dev.o)
 .text.archive_stat
                0x0010a328      0x19c /opt/devkitpro/libctru/lib/libctru.a(archive_dev.o)
 .text.archive_dirnext
                0x0010a4c4      0x15c /opt/devkitpro/libctru/lib/libctru.a(archive_dev.o)
 .text.archive_write
                0x0010a620       0xec /opt/devkitpro/libctru/lib/libctru.a(archive_dev.o)
 .text.archive_open
                0x0010a70c      0x1d4 /opt/devkitpro/libctru/lib/libctru.a(archive_dev.o)
 .text.archive_rename
                0x0010a8e0      0x278 /opt/devkitpro/libctru/lib/libctru.a(archive_dev.o)
 .text.archiveMountSdmc
                0x0010ab58      0x19c /opt/devkitpro/libctru/lib/libctru.a(archive_dev.o)
                0x0010ab58                archiveMountSdmc
 .text.archiveUnmountAll
                0x0010acf4       0x54 /opt/devkitpro/libctru/lib/libctru.a(archive_dev.o)
                0x0010acf4                archiveUnmountAll
 .text.fsInit   0x0010ad48       0xcc /opt/devkitpro/libctru/lib/libctru.a(fs.o)
                0x0010ad48                fsInit
 .text.fsExit   0x0010ae14       0x3c /opt/devkitpro/libctru/lib/libctru.a(fs.o)
                0x0010ae14                fsExit
 .text.fsExemptFromSession
                0x0010ae50       0x60 /opt/devkitpro/libctru/lib/libctru.a(fs.o)
                0x0010ae50                fsExemptFromSession
 .text.fsUnexemptFromSession
                0x0010aeb0       0x50 /opt/devkitpro/libctru/lib/libctru.a(fs.o)
                0x0010aeb0                fsUnexemptFromSession
 .text.FSUSER_OpenFile
                0x0010af00       0xcc /opt/devkitpro/libctru/lib/libctru.a(fs.o)
                0x0010af00                FSUSER_OpenFile
 .text.FSUSER_DeleteFile
                0x0010afcc       0xbc /opt/devkitpro/libctru/lib/libctru.a(fs.o)
                0x0010afcc                FSUSER_DeleteFile
 .text.FSUSER_RenameFile
                0x0010b088       0xf8 /opt/devkitpro/libctru/lib/libctru.a(fs.o)
                0x0010b088                FSUSER_RenameFile
 .text.FSUSER_DeleteDirectory
                0x0010b180       0xbc /opt/devkitpro/libctru/lib/libctru.a(fs.o)
                0x0010b180                FSUSER_DeleteDirectory
 .text.FSUSER_CreateFile
                0x0010b23c       0xd4 /opt/devkitpro/libctru/lib/libctru.a(fs.o)
                0x0010b23c                FSUSER_CreateFile
 .text.FSUSER_CreateDirectory
                0x0010b310       0xc4 /opt/devkitpro/libctru/lib/libctru.a(fs.o)
                0x0010b310                FSUSER_CreateDirectory
 .text.FSUSER_RenameDirectory
                0x0010b3d4       0xf8 /opt/devkitpro/libctru/lib/libctru.a(fs.o)
                0x0010b3d4                FSUSER_RenameDirectory
 .text.FSUSER_OpenDirectory
                0x0010b4cc       0xb4 /opt/devkitpro/libctru/lib/libctru.a(fs.o)
                0x0010b4cc                FSUSER_OpenDirectory
 .text.FSUSER_OpenArchive
                0x0010b580       0x98 /opt/devkitpro/libctru/lib/libctru.a(fs.o)
                0x0010b580                FSUSER_OpenArchive
 .text.FSUSER_CloseArchive
                0x0010b618       0x8c /opt/devkitpro/libctru/lib/libctru.a(fs.o)
                0x0010b618                FSUSER_CloseArchive
 .text.FSUSER_GetSdmcArchiveResource
                0x0010b6a4       0x74 /opt/devkitpro/libctru/lib/libctru.a(fs.o)
                0x0010b6a4                FSUSER_GetSdmcArchiveResource
 .text.FSUSER_IsSdmcWritable
                0x0010b718       0x64 /opt/devkitpro/libctru/lib/libctru.a(fs.o)
                0x0010b718                FSUSER_IsSdmcWritable
 .text.FSFILE_Read
                0x0010b77c       0x58 /opt/devkitpro/libctru/lib/libctru.a(fs.o)
                0x0010b77c                FSFILE_Read
 .text.FSFILE_Write
                0x0010b7d4       0x60 /opt/devkitpro/libctru/lib/libctru.a(fs.o)
                0x0010b7d4                FSFILE_Write
 .text.FSFILE_GetSize
                0x0010b834       0x3c /opt/devkitpro/libctru/lib/libctru.a(fs.o)
                0x0010b834                FSFILE_GetSize
 .text.FSFILE_SetSize
                0x0010b870       0x28 /opt/devkitpro/libctru/lib/libctru.a(fs.o)
                0x0010b870                FSFILE_SetSize
 .text.FSFILE_Close
                0x0010b898       0x3c /opt/devkitpro/libctru/lib/libctru.a(fs.o)
                0x0010b898                FSFILE_Close
 .text.FSFILE_Flush
                0x0010b8d4       0x24 /opt/devkitpro/libctru/lib/libctru.a(fs.o)
                0x0010b8d4                FSFILE_Flush
 .text.FSDIR_Read
                0x0010b8f8       0x50 /opt/devkitpro/libctru/lib/libctru.a(fs.o)
                0x0010b8f8                FSDIR_Read
 .text.FSDIR_Close
                0x0010b948       0x3c /opt/devkitpro/libctru/lib/libctru.a(fs.o)
                0x0010b948                FSDIR_Close
 .text.rbtree_node_next
                0x0010b984       0x5c /opt/devkitpro/libctru/lib/libctru.a(rbtree_iterator.o)
                0x0010b984                rbtree_node_next
 .text.utf8_to_utf16
                0x0010b9e0       0xc0 /opt/devkitpro/libctru/lib/libctru.a(utf8_to_utf16.o)
                0x0010b9e0                utf8_to_utf16
 .text.decode_utf8
                0x0010baa0      0x13c /opt/devkitpro/libctru/lib/libctru.a(decode_utf8.o)
                0x0010baa0                decode_utf8
 .text.utf16_to_utf8
                0x0010bbdc       0xe8 /opt/devkitpro/libctru/lib/libctru.a(utf16_to_utf8.o)
                0x0010bbdc                utf16_to_utf8
 .text.__aeabi_read_tp
                0x0010bcc4        0xc /opt/devkitpro/libctru/lib/libctru.a(readtp.o)
                0x0010bcc4                __aeabi_read_tp
 .text.encode_utf16
                0x0010bcd0       0x54 /opt/devkitpro/libctru/lib/libctru.a(encode_utf16.o)
                0x0010bcd0                encode_utf16
 .text.encode_utf8
                0x0010bd24       0xe0 /opt/devkitpro/libctru/lib/libctru.a(encode_utf8.o)
                0x0010bd24                encode_utf8
 .text.decode_utf16
                0x0010be04       0x64 /opt/devkitpro/libctru/lib/libctru.a(decode_utf16.o)
                0x0010be04                decode_utf16
 .text.__udivmoddi4
                0x0010be68      0x120 /opt/devkitpro/devkitARM/bin/../lib/gcc/arm-none-eabi/12.2.0/armv6k/fpu/libgcc.a(_udivmoddi4.o)
                0x0010be68                __udivmoddi4
 .text.calloc   0x0010bf88       0x20 /opt/devkitpro/devkitARM/bin/../lib/gcc/arm-none-eabi/12.2.0/../../../../arm-none-eabi/lib/armv6k/fpu/libg.a(libc_a-calloc.o)
                0x0010bf88                calloc
 .text._calloc_r
                0x0010bfa8       0xc0 /opt/devkitpro/devkitARM/bin/../lib/gcc/arm-none-eabi/12.2.0/../../../../arm-none-eabi/lib/armv6k/fpu/libg.a(libc_a-callocr.o)
                0x0010bfa8                _calloc_r
 .text.exit     0x0010c068       0x30 /opt/devkitpro/devkitARM/bin/../lib/gcc/arm-none-eabi/12.2.0/../../../../arm-none-eabi/lib/armv6k/fpu/libg.a(libc_a-exit.o)
                0x0010c068                exit
 .text.malloc   0x0010c098       0x18 /opt/devkitpro/devkitARM/bin/../lib/gcc/arm-none-eabi/12.2.0/../../../../arm-none-eabi/lib/armv6k/fpu/libg.a(libc_a-malloc.o)
                0x0010c098                malloc
 .text.free     0x0010c0b0       0x18 /opt/devkitpro/devkitARM/bin/../lib/gcc/arm-none-eabi/12.2.0/../../../../arm-none-eabi/lib/armv6k/fpu/libg.a(libc_a-malloc.o)
                0x0010c0b0                free
 .text._malloc_r
                0x0010c0c8      0x7e4 /opt/devkitpro/devkitARM/bin/../lib/gcc/arm-none-eabi/12.2.0/../../../../arm-none-eabi/lib/armv6k/fpu/libg.a(libc_a-mallocr.o)
                0x0010c0c8                _malloc_r
 .text.__malloc_lock
                0x0010c8ac        0xc /opt/devkitpro/devkitARM/bin/../lib/gcc/arm-none-eabi/12.2.0/../../../../arm-none-eabi/lib/armv6k/fpu/libg.a(libc_a-mlock.o)
                0x0010c8ac                __malloc_lock
 .text.__malloc_unlock
                0x0010c8b8        0xc /opt/devkitpro/devkitARM/bin/../lib/gcc/arm-none-eabi/12.2.0/../../../../arm-none-eabi/lib/armv6k/fpu/libg.a(libc_a-mlock.o)
                0x0010c8b8                __malloc_unlock
 .text._strtoul_l.constprop.0
                0x0010c8c4      0x1c4 /opt/devkitpro/devkitARM/bin/../lib/gcc/arm-none-eabi/12.2.0/../../../../arm-none-eabi/lib/armv6k/fpu/libg.a(libc_a-strtoul.o)
 .text._strtoul_r
                0x0010ca88       0x30 /opt/devkitpro/devkitARM/bin/../lib/gcc/arm-none-eabi/12.2.0/../../../../arm-none-eabi/lib/armv6k/fpu/libg.a(libc_a-strtoul.o)
                0x0010ca88                _strtoul_r
 .text.strtoul  0x0010cab8       0x34 /opt/devkitpro/devkitARM/bin/../lib/gcc/arm-none-eabi/12.2.0/../../../../arm-none-eabi/lib/armv6k/fpu/libg.a(libc_a-strtoul.o)
                0x0010cab8                strtoul
 .text.memalign
                0x0010caec       0x20 /opt/devkitpro/devkitARM/bin/../lib/gcc/arm-none-eabi/12.2.0/../../../../arm-none-eabi/lib/armv6k/fpu/libg.a(libc_a-malign.o)
                0x0010caec                memalign
 .text._memalign_r
                0x0010cb0c      0x14c /opt/devkitpro/devkitARM/bin/../lib/gcc/arm-none-eabi/12.2.0/../../../../arm-none-eabi/lib/armv6k/fpu/libg.a(libc_a-malignr.o)
                0x0010cb0c                _memalign_r
 .text.bsearch  0x0010cc58       0x78 /opt/devkitpro/devkitARM/bin/../lib/gcc/arm-none-eabi/12.2.0/../../../../arm-none-eabi/lib/armv6k/fpu/libg.a(libc_a-bsearch.o)
                0x0010cc58                bsearch
 .text._fclose_r
                0x0010ccd0      0x148 /opt/devkitpro/devkitARM/bin/../lib/gcc/arm-none-eabi/12.2.0/../../../../arm-none-eabi/lib/armv6k/fpu/libg.a(libc_a-fclose.o)
                0x0010ccd0                _fclose_r
 .text.__sflush_r
                0x0010ce18      0x234 /opt/devkitpro/devkitARM/bin/../lib/gcc/arm-none-eabi/12.2.0/../../../../arm-none-eabi/lib/armv6k/fpu/libg.a(libc_a-fflush.o)
                0x0010ce18                __sflush_r
 .text._fflush_r
                0x0010d04c       0x94 /opt/devkitpro/devkitARM/bin/../lib/gcc/arm-none-eabi/12.2.0/../../../../arm-none-eabi/lib/armv6k/fpu/libg.a(libc_a-fflush.o)
                0x0010d04c                _fflush_r
 .text.stdio_exit_handler
                0x0010d0e0       0x1c /opt/devkitpro/devkitARM/bin/../lib/gcc/arm-none-eabi/12.2.0/../../../../arm-none-eabi/lib/armv6k/fpu/libg.a(libc_a-findfp.o)
 .text.cleanup_stdio
                0x0010d0fc       0x5c /opt/devkitpro/devkitARM/bin/../lib/gcc/arm-none-eabi/12.2.0/../../../../arm-none-eabi/lib/armv6k/fpu/libg.a(libc_a-findfp.o)
 .text.global_stdio_init.part.0
                0x0010d158      0x154 /opt/devkitpro/devkitARM/bin/../lib/gcc/arm-none-eabi/12.2.0/../../../../arm-none-eabi/lib/armv6k/fpu/libg.a(libc_a-findfp.o)
 .text.__sinit  0x0010d2ac       0x5c /opt/devkitpro/devkitARM/bin/../lib/gcc/arm-none-eabi/12.2.0/../../../../arm-none-eabi/lib/armv6k/fpu/libg.a(libc_a-findfp.o)
                0x0010d2ac                __sinit
 .text.__sfp_lock_acquire
                0x0010d308        0xc /opt/devkitpro/devkitARM/bin/../lib/gcc/arm-none-eabi/12.2.0/../../../../arm-none-eabi/lib/armv6k/fpu/libg.a(libc_a-findfp.o)
                0x0010d308                __sfp_lock_acquire
 .text.__sfp_lock_release
                0x0010d314        0xc /opt/devkitpro/devkitARM/bin/../lib/gcc/arm-none-eabi/12.2.0/../../../../arm-none-eabi/lib/armv6k/fpu/libg.a(libc_a-findfp.o)
                0x0010d314                __sfp_lock_release
 .text._fwalk_sglue
                0x0010d320       0x70 /opt/devkitpro/devkitARM/bin/../lib/gcc/arm-none-eabi/12.2.0/../../../../arm-none-eabi/lib/armv6k/fpu/libg.a(libc_a-fwalk.o)
                0x0010d320                _fwalk_sglue
 .text.__smakebuf_r
                0x0010d390      0x130 /opt/devkitpro/devkitARM/bin/../lib/gcc/arm-none-eabi/12.2.0/../../../../arm-none-eabi/lib/armv6k/fpu/libg.a(libc_a-makebuf.o)
                0x0010d390                __smakebuf_r
 .text.__swhatbuf_r
                0x0010d4c0       0x8c /opt/devkitpro/devkitARM/bin/../lib/gcc/arm-none-eabi/12.2.0/../../../../arm-none-eabi/lib/armv6k/fpu/libg.a(libc_a-makebuf.o)
                0x0010d4c0                __swhatbuf_r
 .text.printf   0x0010d54c       0x34 /opt/devkitpro/devkitARM/bin/../lib/gcc/arm-none-eabi/12.2.0/../../../../arm-none-eabi/lib/armv6k/fpu/libg.a(libc_a-printf.o)
                0x0010d54c                printf
 .text.setvbuf  0x0010d580      0x264 /opt/devkitpro/devkitARM/bin/../lib/gcc/arm-none-eabi/12.2.0/../../../../arm-none-eabi/lib/armv6k/fpu/libg.a(libc_a-setvbuf.o)
                0x0010d580                setvbuf
 .text.sscanf   0x0010d7e4       0x74 /opt/devkitpro/devkitARM/bin/../lib/gcc/arm-none-eabi/12.2.0/../../../../arm-none-eabi/lib/armv6k/fpu/libg.a(libc_a-sscanf.o)
                0x0010d7e4                sscanf
 .text.__sread  0x0010d858       0x44 /opt/devkitpro/devkitARM/bin/../lib/gcc/arm-none-eabi/12.2.0/../../../../arm-none-eabi/lib/armv6k/fpu/libg.a(libc_a-stdio.o)
                0x0010d858                __sread
 .text.__seofread
                0x0010d89c        0x8 /opt/devkitpro/devkitARM/bin/../lib/gcc/arm-none-eabi/12.2.0/../../../../arm-none-eabi/lib/armv6k/fpu/libg.a(libc_a-stdio.o)
                0x0010d89c                __seofread
 .text.__swrite
                0x0010d8a4       0x68 /opt/devkitpro/devkitARM/bin/../lib/gcc/arm-none-eabi/12.2.0/../../../../arm-none-eabi/lib/armv6k/fpu/libg.a(libc_a-stdio.o)
                0x0010d8a4                __swrite
 .text.__sseek  0x0010d90c       0x44 /opt/devkitpro/devkitARM/bin/../lib/gcc/arm-none-eabi/12.2.0/../../../../arm-none-eabi/lib/armv6k/fpu/libg.a(libc_a-stdio.o)
                0x0010d90c                __sseek
 .text.__sclose
                0x0010d950        0x8 /opt/devkitpro/devkitARM/bin/../lib/gcc/arm-none-eabi/12.2.0/../../../../arm-none-eabi/lib/armv6k/fpu/libg.a(libc_a-stdio.o)
                0x0010d950                __sclose
 .text.memcmp   0x0010d958       0xb0 /opt/devkitpro/devkitARM/bin/../lib/gcc/arm-none-eabi/12.2.0/../../../../arm-none-eabi/lib/armv6k/fpu/libg.a(libc_a-memcmp.o)
                0x0010d958                memcmp
 .text.memset   0x0010da08       0xf4 /opt/devkitpro/devkitARM/bin/../lib/gcc/arm-none-eabi/12.2.0/../../../../arm-none-eabi/lib/armv6k/fpu/libg.a(libc_a-memset.o)
                0x0010da08                memset
 .text.strlen   0x0010dafc       0x90 /opt/devkitpro/devkitARM/bin/../lib/gcc/arm-none-eabi/12.2.0/../../../../arm-none-eabi/lib/armv6k/fpu/libg.a(libc_a-strlen.o)
                0x0010dafc                strlen
 .text.strncat  0x0010db8c       0xe4 /opt/devkitpro/devkitARM/bin/../lib/gcc/arm-none-eabi/12.2.0/../../../../arm-none-eabi/lib/armv6k/fpu/libg.a(libc_a-strncat.o)
                0x0010db8c                strncat
 .text.strncmp  0x0010dc70       0xe4 /opt/devkitpro/devkitARM/bin/../lib/gcc/arm-none-eabi/12.2.0/../../../../arm-none-eabi/lib/armv6k/fpu/libg.a(libc_a-strncmp.o)
                0x0010dc70                strncmp
 .text.strncpy  0x0010dd54       0xc4 /opt/devkitpro/devkitARM/bin/../lib/gcc/arm-none-eabi/12.2.0/../../../../arm-none-eabi/lib/armv6k/fpu/libg.a(libc_a-strncpy.o)
                0x0010dd54                strncpy
 .text.strnlen  0x0010de18       0x48 /opt/devkitpro/devkitARM/bin/../lib/gcc/arm-none-eabi/12.2.0/../../../../arm-none-eabi/lib/armv6k/fpu/libg.a(libc_a-strnlen.o)
                0x0010de18                strnlen
 .text.__errno  0x0010de60        0xc /opt/devkitpro/devkitARM/bin/../lib/gcc/arm-none-eabi/12.2.0/../../../../arm-none-eabi/lib/armv6k/fpu/libg.a(libc_a-errno.o)
                0x0010de60                __errno
 .text.__libc_init_array
                0x0010de6c       0x84 /opt/devkitpro/devkitARM/bin/../lib/gcc/arm-none-eabi/12.2.0/../../../../arm-none-eabi/lib/armv6k/fpu/libg.a(libc_a-init.o)
                0x0010de6c                __libc_init_array
 .text.__libc_fini_array
                0x0010def0       0x3c /opt/devkitpro/devkitARM/bin/../lib/gcc/arm-none-eabi/12.2.0/../../../../arm-none-eabi/lib/armv6k/fpu/libg.a(libc_a-fini.o)
                0x0010def0                __libc_fini_array
 .text.memchr   0x0010df2c       0xe4 /opt/devkitpro/devkitARM/bin/../lib/gcc/arm-none-eabi/12.2.0/../../../../arm-none-eabi/lib/armv6k/fpu/libg.a(libc_a-memchr-stub.o)
                0x0010df2c                memchr
 .text.memcpy   0x0010e010      0x118 /opt/devkitpro/devkitARM/bin/../lib/gcc/arm-none-eabi/12.2.0/../../../../arm-none-eabi/lib/armv6k/fpu/libg.a(libc_a-memcpy-stub.o)
                0x0010e010                memcpy
 .text.__call_exitprocs
                0x0010e128      0x110 /opt/devkitpro/devkitARM/bin/../lib/gcc/arm-none-eabi/12.2.0/../../../../arm-none-eabi/lib/armv6k/fpu/libg.a(libc_a-__call_atexit.o)
                0x0010e128                __call_exitprocs
 .text._malloc_trim_r
                0x0010e238       0xf8 /opt/devkitpro/devkitARM/bin/../lib/gcc/arm-none-eabi/12.2.0/../../../../arm-none-eabi/lib/armv6k/fpu/libg.a(libc_a-freer.o)
                0x0010e238                _malloc_trim_r
 .text._free_r  0x0010e330      0x2e8 /opt/devkitpro/devkitARM/bin/../lib/gcc/arm-none-eabi/12.2.0/../../../../arm-none-eabi/lib/armv6k/fpu/libg.a(libc_a-freer.o)
                0x0010e330                _free_r
 .text.get_arg  0x0010e618      0x67c /opt/devkitpro/devkitARM/bin/../lib/gcc/arm-none-eabi/12.2.0/../../../../arm-none-eabi/lib/armv6k/fpu/libg.a(libc_a-svfprintf.o)
 *fill*         0x0010ec94        0x4 
 .text._svfprintf_r
                0x0010ec98     0x3344 /opt/devkitpro/devkitARM/bin/../lib/gcc/arm-none-eabi/12.2.0/../../../../arm-none-eabi/lib/armv6k/fpu/libg.a(libc_a-svfprintf.o)
                0x0010ec98                _svfprintf_r
 .text.get_arg  0x00111fdc       0x50 /opt/devkitpro/devkitARM/bin/../lib/gcc/arm-none-eabi/12.2.0/../../../../arm-none-eabi/lib/armv6k/fpu/libg.a(libc_a-svfscanf.o)
 .text.__ssvfscanf_r
                0x0011202c     0x2c44 /opt/devkitpro/devkitARM/bin/../lib/gcc/arm-none-eabi/12.2.0/../../../../arm-none-eabi/lib/armv6k/fpu/libg.a(libc_a-svfscanf.o)
                0x0011202c                __ssvfscanf_r
 .text.get_arg  0x00114c70      0x67c /opt/devkitpro/devkitARM/bin/../lib/gcc/arm-none-eabi/12.2.0/../../../../arm-none-eabi/lib/armv6k/fpu/libg.a(libc_a-vfprintf.o)
 *fill*         0x001152ec        0x4 
 .text._vfprintf_r
                0x001152f0     0x33b8 /opt/devkitpro/devkitARM/bin/../lib/gcc/arm-none-eabi/12.2.0/../../../../arm-none-eabi/lib/armv6k/fpu/libg.a(libc_a-vfprintf.o)
                0x001152f0                _vfprintf_r
 .text.__sbprintf
                0x001186a8       0xb8 /opt/devkitpro/devkitARM/bin/../lib/gcc/arm-none-eabi/12.2.0/../../../../arm-none-eabi/lib/armv6k/fpu/libg.a(libc_a-vfprintf.o)
 .text.get_arg  0x00118760      0x67c /opt/devkitpro/devkitARM/bin/../lib/gcc/arm-none-eabi/12.2.0/../../../../arm-none-eabi/lib/armv6k/fpu/libg.a(libc_a-vfiprintf.o)
 .text.__sprint_r
                0x00118ddc       0x30 /opt/devkitpro/devkitARM/bin/../lib/gcc/arm-none-eabi/12.2.0/../../../../arm-none-eabi/lib/armv6k/fpu/libg.a(libc_a-vfiprintf.o)
                0x00118ddc                __sprint_r
 .text._vfiprintf_r
                0x00118e0c     0x230c /opt/devkitpro/devkitARM/bin/../lib/gcc/arm-none-eabi/12.2.0/../../../../arm-none-eabi/lib/armv6k/fpu/libg.a(libc_a-vfiprintf.o)
                0x00118e0c                _vfiprintf_r
 .text.__sbprintf
                0x0011b118       0xb8 /opt/devkitpro/devkitARM/bin/../lib/gcc/arm-none-eabi/12.2.0/../../../../arm-none-eabi/lib/armv6k/fpu/libg.a(libc_a-vfiprintf.o)
 .text.__sfvwrite_r
                0x0011b1d0      0x4b4 /opt/devkitpro/devkitARM/bin/../lib/gcc/arm-none-eabi/12.2.0/../../../../arm-none-eabi/lib/armv6k/fpu/libg.a(libc_a-fvwrite.o)
                0x0011b1d0                __sfvwrite_r
 .text.__sccl   0x0011b684       0xf4 /opt/devkitpro/devkitARM/bin/../lib/gcc/arm-none-eabi/12.2.0/../../../../arm-none-eabi/lib/armv6k/fpu/libg.a(libc_a-sccl.o)
                0x0011b684                __sccl
 .text.sprintf  0x0011b778       0x64 /opt/devkitpro/devkitARM/bin/../lib/gcc/arm-none-eabi/12.2.0/../../../../arm-none-eabi/lib/armv6k/fpu/libg.a(libc_a-sprintf.o)
                0x0011b778                sprintf
 .text.__swsetup_r
                0x0011b7dc      0x134 /opt/devkitpro/devkitARM/bin/../lib/gcc/arm-none-eabi/12.2.0/../../../../arm-none-eabi/lib/armv6k/fpu/libg.a(libc_a-wsetup.o)
                0x0011b7dc                __swsetup_r
 .text.memmove  0x0011b910      0x150 /opt/devkitpro/devkitARM/bin/../lib/gcc/arm-none-eabi/12.2.0/../../../../arm-none-eabi/lib/armv6k/fpu/libg.a(libc_a-memmove.o)
                0x0011b910                memmove
 .text.stpncpy  0x0011ba60       0xcc /opt/devkitpro/devkitARM/bin/../lib/gcc/arm-none-eabi/12.2.0/../../../../arm-none-eabi/lib/armv6k/fpu/libg.a(libc_a-stpncpy.o)
                0x0011ba60                stpncpy
 .text.__locale_mb_cur_max
                0x0011bb2c       0x24 /opt/devkitpro/devkitARM/bin/../lib/gcc/arm-none-eabi/12.2.0/../../../../arm-none-eabi/lib/armv6k/fpu/libg.a(libc_a-locale.o)
                0x0011bb2c                __locale_mb_cur_max
 .text._localeconv_r
                0x0011bb50       0x24 /opt/devkitpro/devkitARM/bin/../lib/gcc/arm-none-eabi/12.2.0/../../../../arm-none-eabi/lib/armv6k/fpu/libg.a(libc_a-localeconv.o)
                0x0011bb50                _localeconv_r
 .text.nanf     0x0011bb74        0xc /opt/devkitpro/devkitARM/bin/../lib/gcc/arm-none-eabi/12.2.0/../../../../arm-none-eabi/lib/armv6k/fpu/libg.a(libm_a-sf_nan.o)
                0x0011bb74                nanf
 .text.frexp    0x0011bb80       0x88 /opt/devkitpro/devkitARM/bin/../lib/gcc/arm-none-eabi/12.2.0/../../../../arm-none-eabi/lib/armv6k/fpu/libg.a(libm_a-s_frexp.o)
                0x0011bb80                frexp
 .text.quorem   0x0011bc08      0x1b0 /opt/devkitpro/devkitARM/bin/../lib/gcc/arm-none-eabi/12.2.0/../../../../arm-none-eabi/lib/armv6k/fpu/libg.a(libc_a-dtoa.o)
 .text._dtoa_r  0x0011bdb8     0x11f8 /opt/devkitpro/devkitARM/bin/../lib/gcc/arm-none-eabi/12.2.0/../../../../arm-none-eabi/lib/armv6k/fpu/libg.a(libc_a-dtoa.o)
                0x0011bdb8                _dtoa_r
 .text.__utf8_mbtowc
                0x0011cfb0      0x2f8 /opt/devkitpro/devkitARM/bin/../lib/gcc/arm-none-eabi/12.2.0/../../../../arm-none-eabi/lib/armv6k/fpu/libg.a(libc_a-mbtowc_r.o)
                0x0011cfb0                __utf8_mbtowc
 .text._Balloc  0x0011d2a8       0x88 /opt/devkitpro/devkitARM/bin/../lib/gcc/arm-none-eabi/12.2.0/../../../../arm-none-eabi/lib/armv6k/fpu/libg.a(libc_a-mprec.o)
                0x0011d2a8                _Balloc
 .text._Bfree   0x0011d330       0x1c /opt/devkitpro/devkitARM/bin/../lib/gcc/arm-none-eabi/12.2.0/../../../../arm-none-eabi/lib/armv6k/fpu/libg.a(libc_a-mprec.o)
                0x0011d330                _Bfree
 .text.__multadd
                0x0011d34c       0xf4 /opt/devkitpro/devkitARM/bin/../lib/gcc/arm-none-eabi/12.2.0/../../../../arm-none-eabi/lib/armv6k/fpu/libg.a(libc_a-mprec.o)
                0x0011d34c                __multadd
 .text.__s2b    0x0011d440      0x110 /opt/devkitpro/devkitARM/bin/../lib/gcc/arm-none-eabi/12.2.0/../../../../arm-none-eabi/lib/armv6k/fpu/libg.a(libc_a-mprec.o)
                0x0011d440                __s2b
 .text.__hi0bits
                0x0011d550       0x60 /opt/devkitpro/devkitARM/bin/../lib/gcc/arm-none-eabi/12.2.0/../../../../arm-none-eabi/lib/armv6k/fpu/libg.a(libc_a-mprec.o)
                0x0011d550                __hi0bits
 .text.__lo0bits
                0x0011d5b0       0x9c /opt/devkitpro/devkitARM/bin/../lib/gcc/arm-none-eabi/12.2.0/../../../../arm-none-eabi/lib/armv6k/fpu/libg.a(libc_a-mprec.o)
                0x0011d5b0                __lo0bits
 .text.__i2b    0x0011d64c       0xac /opt/devkitpro/devkitARM/bin/../lib/gcc/arm-none-eabi/12.2.0/../../../../arm-none-eabi/lib/armv6k/fpu/libg.a(libc_a-mprec.o)
                0x0011d64c                __i2b
 .text.__multiply
                0x0011d6f8      0x204 /opt/devkitpro/devkitARM/bin/../lib/gcc/arm-none-eabi/12.2.0/../../../../arm-none-eabi/lib/armv6k/fpu/libg.a(libc_a-mprec.o)
                0x0011d6f8                __multiply
 .text.__pow5mult
                0x0011d8fc      0x128 /opt/devkitpro/devkitARM/bin/../lib/gcc/arm-none-eabi/12.2.0/../../../../arm-none-eabi/lib/armv6k/fpu/libg.a(libc_a-mprec.o)
                0x0011d8fc                __pow5mult
 .text.__lshift
                0x0011da24      0x140 /opt/devkitpro/devkitARM/bin/../lib/gcc/arm-none-eabi/12.2.0/../../../../arm-none-eabi/lib/armv6k/fpu/libg.a(libc_a-mprec.o)
                0x0011da24                __lshift
 .text.__mcmp   0x0011db64       0x58 /opt/devkitpro/devkitARM/bin/../lib/gcc/arm-none-eabi/12.2.0/../../../../arm-none-eabi/lib/armv6k/fpu/libg.a(libc_a-mprec.o)
                0x0011db64                __mcmp
 .text.__mdiff  0x0011dbbc      0x1f0 /opt/devkitpro/devkitARM/bin/../lib/gcc/arm-none-eabi/12.2.0/../../../../arm-none-eabi/lib/armv6k/fpu/libg.a(libc_a-mprec.o)
                0x0011dbbc                __mdiff
 .text.__ulp    0x0011ddac       0x68 /opt/devkitpro/devkitARM/bin/../lib/gcc/arm-none-eabi/12.2.0/../../../../arm-none-eabi/lib/armv6k/fpu/libg.a(libc_a-mprec.o)
                0x0011ddac                __ulp
 .text.__b2d    0x0011de14       0xd0 /opt/devkitpro/devkitARM/bin/../lib/gcc/arm-none-eabi/12.2.0/../../../../arm-none-eabi/lib/armv6k/fpu/libg.a(libc_a-mprec.o)
                0x0011de14                __b2d
 .text.__d2b    0x0011dee4      0x120 /opt/devkitpro/devkitARM/bin/../lib/gcc/arm-none-eabi/12.2.0/../../../../arm-none-eabi/lib/armv6k/fpu/libg.a(libc_a-mprec.o)
                0x0011dee4                __d2b
 .text.__ratio  0x0011e004       0x78 /opt/devkitpro/devkitARM/bin/../lib/gcc/arm-none-eabi/12.2.0/../../../../arm-none-eabi/lib/armv6k/fpu/libg.a(libc_a-mprec.o)
                0x0011e004                __ratio
 .text.__copybits
                0x0011e07c       0x88 /opt/devkitpro/devkitARM/bin/../lib/gcc/arm-none-eabi/12.2.0/../../../../arm-none-eabi/lib/armv6k/fpu/libg.a(libc_a-mprec.o)
                0x0011e07c                __copybits
 .text.__any_on
                0x0011e104       0x5c /opt/devkitpro/devkitARM/bin/../lib/gcc/arm-none-eabi/12.2.0/../../../../arm-none-eabi/lib/armv6k/fpu/libg.a(libc_a-mprec.o)
                0x0011e104                __any_on
 .text.realloc  0x0011e160       0x20 /opt/devkitpro/devkitARM/bin/../lib/gcc/arm-none-eabi/12.2.0/../../../../arm-none-eabi/lib/armv6k/fpu/libg.a(libc_a-realloc.o)
                0x0011e160                realloc
 .text._realloc_r
                0x0011e180      0x4a0 /opt/devkitpro/devkitARM/bin/../lib/gcc/arm-none-eabi/12.2.0/../../../../arm-none-eabi/lib/armv6k/fpu/libg.a(libc_a-reallocr.o)
                0x0011e180                _realloc_r
 .text.sulp     0x0011e620       0x64 /opt/devkitpro/devkitARM/bin/../lib/gcc/arm-none-eabi/12.2.0/../../../../arm-none-eabi/lib/armv6k/fpu/libg.a(libc_a-strtod.o)
 *fill*         0x0011e684        0x4 
 .text._strtod_l
                0x0011e688     0x13a8 /opt/devkitpro/devkitARM/bin/../lib/gcc/arm-none-eabi/12.2.0/../../../../arm-none-eabi/lib/armv6k/fpu/libg.a(libc_a-strtod.o)
                0x0011e688                _strtod_l
 .text._strtod_r
                0x0011fa30       0x40 /opt/devkitpro/devkitARM/bin/../lib/gcc/arm-none-eabi/12.2.0/../../../../arm-none-eabi/lib/armv6k/fpu/libg.a(libc_a-strtod.o)
                0x0011fa30                _strtod_r
 .text._strtol_l.part.0
                0x0011fa70      0x1a4 /opt/devkitpro/devkitARM/bin/../lib/gcc/arm-none-eabi/12.2.0/../../../../arm-none-eabi/lib/armv6k/fpu/libg.a(libc_a-strtol.o)
 .text._strtol_r
                0x0011fc14       0x60 /opt/devkitpro/devkitARM/bin/../lib/gcc/arm-none-eabi/12.2.0/../../../../arm-none-eabi/lib/armv6k/fpu/libg.a(libc_a-strtol.o)
                0x0011fc14                _strtol_r
 .text.__utf8_wctomb
                0x0011fc74       0xf0 /opt/devkitpro/devkitARM/bin/../lib/gcc/arm-none-eabi/12.2.0/../../../../arm-none-eabi/lib/armv6k/fpu/libg.a(libc_a-wctomb_r.o)
                0x0011fc74                __utf8_wctomb
 .text._strtoll_l.constprop.0
                0x0011fd64      0x22c /opt/devkitpro/devkitARM/bin/../lib/gcc/arm-none-eabi/12.2.0/../../../../arm-none-eabi/lib/armv6k/fpu/libg.a(libc_a-strtoll.o)
 .text._strtoll_r
                0x0011ff90       0x30 /opt/devkitpro/devkitARM/bin/../lib/gcc/arm-none-eabi/12.2.0/../../../../arm-none-eabi/lib/armv6k/fpu/libg.a(libc_a-strtoll.o)
                0x0011ff90                _strtoll_r
 .text._strtoull_l.constprop.0
                0x0011ffc0      0x244 /opt/devkitpro/devkitARM/bin/../lib/gcc/arm-none-eabi/12.2.0/../../../../arm-none-eabi/lib/armv6k/fpu/libg.a(libc_a-strtoull.o)
 .text._strtoull_r
                0x00120204       0x30 /opt/devkitpro/devkitARM/bin/../lib/gcc/arm-none-eabi/12.2.0/../../../../arm-none-eabi/lib/armv6k/fpu/libg.a(libc_a-strtoull.o)
                0x00120204                _strtoull_r
 .text._mbrtowc_r
                0x00120234       0xbc /opt/devkitpro/devkitARM/bin/../lib/gcc/arm-none-eabi/12.2.0/../../../../arm-none-eabi/lib/armv6k/fpu/libg.a(libc_a-mbrtowc.o)
                0x00120234                _mbrtowc_r
 .text._wcrtomb_r
                0x001202f0       0x94 /opt/devkitpro/devkitARM/bin/../lib/gcc/arm-none-eabi/12.2.0/../../../../arm-none-eabi/lib/armv6k/fpu/libg.a(libc_a-wcrtomb.o)
                0x001202f0                _wcrtomb_r
 .text._wcsrtombs_r
                0x00120384       0x28 /opt/devkitpro/devkitARM/bin/../lib/gcc/arm-none-eabi/12.2.0/../../../../arm-none-eabi/lib/armv6k/fpu/libg.a(libc_a-wcsrtombs.o)
                0x00120384                _wcsrtombs_r
 .text.iswspace
                0x001203ac        0x8 /opt/devkitpro/devkitARM/bin/../lib/gcc/arm-none-eabi/12.2.0/../../../../arm-none-eabi/lib/armv6k/fpu/libg.a(libc_a-iswspace.o)
                0x001203ac                iswspace
 .text.iswspace_l
                0x001203b4       0x38 /opt/devkitpro/devkitARM/bin/../lib/gcc/arm-none-eabi/12.2.0/../../../../arm-none-eabi/lib/armv6k/fpu/libg.a(libc_a-iswspace_l.o)
                0x001203b4                iswspace_l
 .text.__ssprint_r
                0x001203ec      0x188 /opt/devkitpro/devkitARM/bin/../lib/gcc/arm-none-eabi/12.2.0/../../../../arm-none-eabi/lib/armv6k/fpu/libg.a(libc_a-svfiprintf.o)
                0x001203ec                __ssprint_r
 .text._sungetc_r
                0x00120574       0xd4 /opt/devkitpro/devkitARM/bin/../lib/gcc/arm-none-eabi/12.2.0/../../../../arm-none-eabi/lib/armv6k/fpu/libg.a(libc_a-svfiscanf.o)
                0x00120574                _sungetc_r
 .text.__ssrefill_r
                0x00120648       0x6c /opt/devkitpro/devkitARM/bin/../lib/gcc/arm-none-eabi/12.2.0/../../../../arm-none-eabi/lib/armv6k/fpu/libg.a(libc_a-svfiscanf.o)
                0x00120648                __ssrefill_r
 .text._sfread_r
                0x001206b4       0xc4 /opt/devkitpro/devkitARM/bin/../lib/gcc/arm-none-eabi/12.2.0/../../../../arm-none-eabi/lib/armv6k/fpu/libg.a(libc_a-svfiscanf.o)
                0x001206b4                _sfread_r
 .text.__submore
                0x00120778       0xa8 /opt/devkitpro/devkitARM/bin/../lib/gcc/arm-none-eabi/12.2.0/../../../../arm-none-eabi/lib/armv6k/fpu/libg.a(libc_a-ungetc.o)
                0x00120778                __submore
 .text.strchr   0x00120820      0x130 /opt/devkitpro/devkitARM/bin/../lib/gcc/arm-none-eabi/12.2.0/../../../../arm-none-eabi/lib/armv6k/fpu/libg.a(libc_a-strchr.o)
                0x00120820                strchr
 .text.nan      0x00120950       0x10 /opt/devkitpro/devkitARM/bin/../lib/gcc/arm-none-eabi/12.2.0/../../../../arm-none-eabi/lib/armv6k/fpu/libg.a(libm_a-s_nan.o)
                0x00120950                nan
 .text.__assert_func
                0x00120960       0x5c /opt/devkitpro/devkitARM/bin/../lib/gcc/arm-none-eabi/12.2.0/../../../../arm-none-eabi/lib/armv6k/fpu/libg.a(libc_a-assert.o)
                0x00120960                __assert_func
 .text.rshift   0x001209bc       0xf0 /opt/devkitpro/devkitARM/bin/../lib/gcc/arm-none-eabi/12.2.0/../../../../arm-none-eabi/lib/armv6k/fpu/libg.a(libc_a-gdtoa-gethex.o)
 .text.__gethex
                0x00120aac      0x814 /opt/devkitpro/devkitARM/bin/../lib/gcc/arm-none-eabi/12.2.0/../../../../arm-none-eabi/lib/armv6k/fpu/libg.a(libc_a-gdtoa-gethex.o)
                0x00120aac                __gethex
 .text.__match  0x001212c0       0x4c /opt/devkitpro/devkitARM/bin/../lib/gcc/arm-none-eabi/12.2.0/../../../../arm-none-eabi/lib/armv6k/fpu/libg.a(libc_a-gdtoa-hexnan.o)
                0x001212c0                __match
 .text.__hexnan
                0x0012130c      0x29c /opt/devkitpro/devkitARM/bin/../lib/gcc/arm-none-eabi/12.2.0/../../../../arm-none-eabi/lib/armv6k/fpu/libg.a(libc_a-gdtoa-hexnan.o)
                0x0012130c                __hexnan
 .text._wcsnrtombs_l
                0x001215a8      0x188 /opt/devkitpro/devkitARM/bin/../lib/gcc/arm-none-eabi/12.2.0/../../../../arm-none-eabi/lib/armv6k/fpu/libg.a(libc_a-wcsnrtombs.o)
                0x001215a8                _wcsnrtombs_l
 .text._wcsnrtombs_r
                0x00121730       0x68 /opt/devkitpro/devkitARM/bin/../lib/gcc/arm-none-eabi/12.2.0/../../../../arm-none-eabi/lib/armv6k/fpu/libg.a(libc_a-wcsnrtombs.o)
                0x00121730                _wcsnrtombs_r
 .text.category
                0x00121798       0x8c /opt/devkitpro/devkitARM/bin/../lib/gcc/arm-none-eabi/12.2.0/../../../../arm-none-eabi/lib/armv6k/fpu/libg.a(libc_a-categories.o)
                0x00121798                category
 .text.fiprintf
                0x00121824       0x3c /opt/devkitpro/devkitARM/bin/../lib/gcc/arm-none-eabi/12.2.0/../../../../arm-none-eabi/lib/armv6k/fpu/libg.a(libc_a-fiprintf.o)
                0x00121824                fiprintf
 .text.abort    0x00121860       0x14 /opt/devkitpro/devkitARM/bin/../lib/gcc/arm-none-eabi/12.2.0/../../../../arm-none-eabi/lib/armv6k/fpu/libg.a(libc_a-abort.o)
                0x00121860                abort
 .text._raise_r
                0x00121874       0x90 /opt/devkitpro/devkitARM/bin/../lib/gcc/arm-none-eabi/12.2.0/../../../../arm-none-eabi/lib/armv6k/fpu/libg.a(libc_a-signal.o)
                0x00121874                _raise_r
 .text.raise    0x00121904       0x18 /opt/devkitpro/devkitARM/bin/../lib/gcc/arm-none-eabi/12.2.0/../../../../arm-none-eabi/lib/armv6k/fpu/libg.a(libc_a-signal.o)
                0x00121904                raise
 .text._exit    0x0012191c       0x20 /opt/devkitpro/devkitARM/bin/../lib/gcc/arm-none-eabi/12.2.0/../../../../arm-none-eabi/lib/armv6k/fpu/libsysbase.a(libsysbase_libsysbase_a-_exit.o)
                0x0012191c                _exit
 .text._concatenate_path
                0x0012193c      0x1c0 /opt/devkitpro/devkitARM/bin/../lib/gcc/arm-none-eabi/12.2.0/../../../../arm-none-eabi/lib/armv6k/fpu/libsysbase.a(libsysbase_libsysbase_a-chdir.o)
                0x0012193c                _concatenate_path
 .text.chdir    0x00121afc      0x140 /opt/devkitpro/devkitARM/bin/../lib/gcc/arm-none-eabi/12.2.0/../../../../arm-none-eabi/lib/armv6k/fpu/libsysbase.a(libsysbase_libsysbase_a-chdir.o)
                0x00121afc                chdir
 .text._fstat_r
                0x00121c3c       0x78 /opt/devkitpro/devkitARM/bin/../lib/gcc/arm-none-eabi/12.2.0/../../../../arm-none-eabi/lib/armv6k/fpu/libsysbase.a(libsysbase_libsysbase_a-fstat.o)
                0x00121c3c                _fstat_r
 .text._getpid_r
                0x00121cb4       0x14 /opt/devkitpro/devkitARM/bin/../lib/gcc/arm-none-eabi/12.2.0/../../../../arm-none-eabi/lib/armv6k/fpu/libsysbase.a(libsysbase_libsysbase_a-getpid.o)
                0x00121cb4                _getpid_r
 .text.__getreent
                0x00121cc8       0x2c /opt/devkitpro/devkitARM/bin/../lib/gcc/arm-none-eabi/12.2.0/../../../../arm-none-eabi/lib/armv6k/fpu/libsysbase.a(libsysbase_libsysbase_a-getreent.o)
                0x00121cc8                __getreent
 .text.__get_handle
                0x00121cf4       0x3c /opt/devkitpro/devkitARM/bin/../lib/gcc/arm-none-eabi/12.2.0/../../../../arm-none-eabi/lib/armv6k/fpu/libsysbase.a(libsysbase_libsysbase_a-handle_manager.o)
                0x00121cf4                __get_handle
 .text._close_r
                0x00121d30       0xf4 /opt/devkitpro/devkitARM/bin/../lib/gcc/arm-none-eabi/12.2.0/../../../../arm-none-eabi/lib/armv6k/fpu/libsysbase.a(libsysbase_libsysbase_a-handle_manager.o)
                0x00121d30                _close_r
 .text.null_write
                0x00121e24        0x8 /opt/devkitpro/devkitARM/bin/../lib/gcc/arm-none-eabi/12.2.0/../../../../arm-none-eabi/lib/armv6k/fpu/libsysbase.a(libsysbase_libsysbase_a-iosupport.o)
 .text.setDefaultDevice
                0x00121e2c       0x18 /opt/devkitpro/devkitARM/bin/../lib/gcc/arm-none-eabi/12.2.0/../../../../arm-none-eabi/lib/armv6k/fpu/libsysbase.a(libsysbase_libsysbase_a-iosupport.o)
                0x00121e2c                setDefaultDevice
 .text.FindDevice
                0x00121e44       0xc8 /opt/devkitpro/devkitARM/bin/../lib/gcc/arm-none-eabi/12.2.0/../../../../arm-none-eabi/lib/armv6k/fpu/libsysbase.a(libsysbase_libsysbase_a-iosupport.o)
                0x00121e44                FindDevice
 .text.RemoveDevice
                0x00121f0c       0x28 /opt/devkitpro/devkitARM/bin/../lib/gcc/arm-none-eabi/12.2.0/../../../../arm-none-eabi/lib/armv6k/fpu/libsysbase.a(libsysbase_libsysbase_a-iosupport.o)
                0x00121f0c                RemoveDevice
 .text.AddDevice
                0x00121f34       0x9c /opt/devkitpro/devkitARM/bin/../lib/gcc/arm-none-eabi/12.2.0/../../../../arm-none-eabi/lib/armv6k/fpu/libsysbase.a(libsysbase_libsysbase_a-iosupport.o)
                0x00121f34                AddDevice
 .text.GetDeviceOpTab
                0x00121fd0       0x20 /opt/devkitpro/devkitARM/bin/../lib/gcc/arm-none-eabi/12.2.0/../../../../arm-none-eabi/lib/armv6k/fpu/libsysbase.a(libsysbase_libsysbase_a-iosupport.o)
                0x00121fd0                GetDeviceOpTab
 .text._isatty_r
                0x00121ff0        0x8 /opt/devkitpro/devkitARM/bin/../lib/gcc/arm-none-eabi/12.2.0/../../../../arm-none-eabi/lib/armv6k/fpu/libsysbase.a(libsysbase_libsysbase_a-isatty.o)
                0x00121ff0                _isatty_r
 .text._kill_r  0x00121ff8       0x14 /opt/devkitpro/devkitARM/bin/../lib/gcc/arm-none-eabi/12.2.0/../../../../arm-none-eabi/lib/armv6k/fpu/libsysbase.a(libsysbase_libsysbase_a-kill.o)
                0x00121ff8                _kill_r
 .text._lseek_r
                0x0012200c       0x84 /opt/devkitpro/devkitARM/bin/../lib/gcc/arm-none-eabi/12.2.0/../../../../arm-none-eabi/lib/armv6k/fpu/libsysbase.a(libsysbase_libsysbase_a-lseek.o)
                0x0012200c                _lseek_r
 .text._read_r  0x00122090       0x80 /opt/devkitpro/devkitARM/bin/../lib/gcc/arm-none-eabi/12.2.0/../../../../arm-none-eabi/lib/armv6k/fpu/libsysbase.a(libsysbase_libsysbase_a-read.o)
                0x00122090                _read_r
 .text._sbrk_r  0x00122110       0x78 /opt/devkitpro/devkitARM/bin/../lib/gcc/arm-none-eabi/12.2.0/../../../../arm-none-eabi/lib/armv6k/fpu/libsysbase.a(libsysbase_libsysbase_a-sbrk.o)
                0x00122110                _sbrk_r
 .text.__libc_lock_acquire
                0x00122188       0x1c /opt/devkitpro/devkitARM/bin/../lib/gcc/arm-none-eabi/12.2.0/../../../../arm-none-eabi/lib/armv6k/fpu/libsysbase.a(libsysbase_libsysbase_a-syscall_support.o)
                0x00122188                __libc_lock_acquire
 .text.__libc_lock_release
                0x001221a4       0x1c /opt/devkitpro/devkitARM/bin/../lib/gcc/arm-none-eabi/12.2.0/../../../../arm-none-eabi/lib/armv6k/fpu/libsysbase.a(libsysbase_libsysbase_a-syscall_support.o)
                0x001221a4                __libc_lock_release
 .text.__libc_lock_acquire_recursive
                0x001221c0       0x1c /opt/devkitpro/devkitARM/bin/../lib/gcc/arm-none-eabi/12.2.0/../../../../arm-none-eabi/lib/armv6k/fpu/libsysbase.a(libsysbase_libsysbase_a-syscall_support.o)
                0x001221c0                __libc_lock_acquire_recursive
 .text.__libc_lock_release_recursive
                0x001221dc       0x1c /opt/devkitpro/devkitARM/bin/../lib/gcc/arm-none-eabi/12.2.0/../../../../arm-none-eabi/lib/armv6k/fpu/libsysbase.a(libsysbase_libsysbase_a-syscall_support.o)
                0x001221dc                __libc_lock_release_recursive
 .text._write_r
                0x001221f8       0x80 /opt/devkitpro/devkitARM/bin/../lib/gcc/arm-none-eabi/12.2.0/../../../../arm-none-eabi/lib/armv6k/fpu/libsysbase.a(libsysbase_libsysbase_a-write.o)
                0x001221f8                _write_r
 .text.__fixdfdi
                0x00122278       0x38 /opt/devkitpro/devkitARM/bin/../lib/gcc/arm-none-eabi/12.2.0/armv6k/fpu/libgcc.a(_fixdfdi.o)
                0x00122278                __aeabi_d2lz
                0x00122278                __fixdfdi
 .text.__fixunsdfdi
                0x001222b0       0x40 /opt/devkitpro/devkitARM/bin/../lib/gcc/arm-none-eabi/12.2.0/armv6k/fpu/libgcc.a(_fixunsdfdi.o)
                0x001222b0                __aeabi_d2ulz
                0x001222b0                __fixunsdfdi
 .text.strrchr  0x001222f0       0x48 /opt/devkitpro/devkitARM/bin/../lib/gcc/arm-none-eabi/12.2.0/../../../../arm-none-eabi/lib/armv6k/fpu/libg.a(libc_a-strrchr.o)
                0x001222f0                strrchr
 *(.glue_7)
 .glue_7        0x00122338        0x0 linker stubs
 *(.glue_7t)
 .glue_7t       0x00122338        0x0 linker stubs
 *(.stub)
 *(.gnu.warning)
 *(.gnu.linkonce.t*)
                0x00122338                        . = ALIGN (0x4)
 *(.fini)
 .fini          0x00122338        0xc /opt/devkitpro/devkitARM/bin/../lib/gcc/arm-none-eabi/12.2.0/armv6k/fpu/crti.o
                0x00122338                _fini
 .fini          0x00122344        0xc /opt/devkitpro/devkitARM/bin/../lib/gcc/arm-none-eabi/12.2.0/armv6k/fpu/crtn.o
                0x00122350                        . = ALIGN (0x4)

.vfp11_veneer   0x00122350        0x0
 .vfp11_veneer  0x00122350        0x0 linker stubs

.v4_bx          0x00122350        0x0
 .v4_bx         0x00122350        0x0 linker stubs

.iplt           0x00122350        0x0
 .iplt          0x00122350        0x0 /opt/devkitpro/devkitARM/bin/../lib/gcc/arm-none-eabi/12.2.0/../../../../arm-none-eabi/lib/armv6k/fpu/3dsx_crt0.o
                0x00123000                        . = ALIGN (0x1000)

.rodata         0x00123000     0x4838
 *(.rodata)
 .rodata        0x00123000        0x3 /opt/devkitpro/libctru/lib/libctru.a(apt.o)
 *fill*         0x00123003        0x1 
 .rodata        0x00123004        0xc /opt/devkitpro/libctru/lib/libctru.a(archive_dev.o)
 *(.roda)
 *(.rodata.*)
 .rodata.str1.4
                0x00123010       0x1b main.o
 *fill*         0x0012302b        0x1 
 .rodata.str1.4
                0x0012302c       0x48 world.o
 .rodata.str1.4
                0x00123074        0xd ui.o
                                 0x21 (size before relaxing)
 *fill*         0x00123081        0x3 
 .rodata.str1.4
                0x00123084       0x1a label.o
 *fill*         0x0012309e        0x2 
 .rodata.parseColor.str1.4
                0x001230a0       0x1b /opt/devkitpro/libctru/lib/libctru.a(console.o)
 *fill*         0x001230bb        0x1 
 .rodata.con_write.str1.4
                0x001230bc       0x4a /opt/devkitpro/libctru/lib/libctru.a(console.o)
 *fill*         0x00123106        0x2 
 .rodata.str1.4
                0x00123108       0x10 /opt/devkitpro/libctru/lib/libctru.a(console.o)
 .rodata.dotab_stdout
                0x00123118       0x70 /opt/devkitpro/libctru/lib/libctru.a(console.o)
 .rodata.grayScale
                0x00123188       0x18 /opt/devkitpro/libctru/lib/libctru.a(console.o)
 .rodata.colorCube
                0x001231a0        0x6 /opt/devkitpro/libctru/lib/libctru.a(console.o)
 *fill*         0x001231a6        0x2 
 .rodata.colorTable
                0x001231a8       0x30 /opt/devkitpro/libctru/lib/libctru.a(console.o)
 .rodata.gspInit.str1.4
                0x001231d8        0x9 /opt/devkitpro/libctru/lib/libctru.a(gspgpu.o)
 *fill*         0x001231e1        0x3 
 .rodata.hidInit.str1.4
                0x001231e4       0x15 /opt/devkitpro/libctru/lib/libctru.a(hid.o)
 *fill*         0x001231f9        0x3 
 .rodata.aptSendCommand.str1.4
                0x001231fc       0x16 /opt/devkitpro/libctru/lib/libctru.a(apt.o)
 *fill*         0x00123212        0x2 
 .rodata.morton_y.2
                0x00123214        0x8 /opt/devkitpro/libctru/lib/libctru.a(apt.o)
 .rodata.morton_x.3
                0x0012321c        0x8 /opt/devkitpro/libctru/lib/libctru.a(apt.o)
 .rodata.s_sleepWakeEvents.4
                0x00123224        0x8 /opt/devkitpro/libctru/lib/libctru.a(apt.o)
 .rodata.__system_initArgv.str1.4
                0x0012322c        0xa /opt/devkitpro/libctru/lib/libctru.a(initArgv.o)
 *fill*         0x00123236        0x2 
 .rodata.default_font_bin
                0x00123238      0x800 /opt/devkitpro/libctru/lib/libctru.a(default_font.bin.o)
                0x00123238                default_font_bin
                0x00123a38                default_font_bin_end
 .rodata.srvInit.str1.4
                0x00123a38        0x5 /opt/devkitpro/libctru/lib/libctru.a(srv.o)
 *fill*         0x00123a3d        0x3 
 .rodata.irrstInit.str1.4
                0x00123a40        0x7 /opt/devkitpro/libctru/lib/libctru.a(irrst.o)
 *fill*         0x00123a47        0x1 
 .rodata.ptmSysmInit.str1.4
                0x00123a48        0x9 /opt/devkitpro/libctru/lib/libctru.a(ptmsysm.o)
 *fill*         0x00123a51        0x3 
 .rodata._archiveUnmountDeviceStruct.part.0.str1.4
                0x00123a54        0x2 /opt/devkitpro/libctru/lib/libctru.a(archive_dev.o)
 *fill*         0x00123a56        0x2 
 .rodata._archiveMountDevice.str1.4
                0x00123a58        0x8 /opt/devkitpro/libctru/lib/libctru.a(archive_dev.o)
                                  0xc (size before relaxing)
 .rodata.archiveMountSdmc.str1.4
                0x00123a60        0x5 /opt/devkitpro/libctru/lib/libctru.a(archive_dev.o)
 *fill*         0x00123a65        0x3 
 .rodata.error_table
                0x00123a68       0x30 /opt/devkitpro/libctru/lib/libctru.a(archive_dev.o)
 .rodata.str1.4
                0x00123a98        0x8 /opt/devkitpro/libctru/lib/libctru.a(archive_dev.o)
 .rodata.archive_devoptab
                0x00123aa0       0x70 /opt/devkitpro/libctru/lib/libctru.a(archive_dev.o)
 .rodata.fsInit.str1.4
                0x00123b10        0x8 /opt/devkitpro/libctru/lib/libctru.a(fs.o)
 .rodata._ctype_
                0x00123b18      0x101 /opt/devkitpro/devkitARM/bin/../lib/gcc/arm-none-eabi/12.2.0/../../../../arm-none-eabi/lib/armv6k/fpu/libg.a(libc_a-ctype_.o)
                0x00123b18                _ctype_
 .rodata._svfprintf_r.str1.1
                0x00123c19       0x3b /opt/devkitpro/devkitARM/bin/../lib/gcc/arm-none-eabi/12.2.0/../../../../arm-none-eabi/lib/armv6k/fpu/libg.a(libc_a-svfprintf.o)
 .rodata.zeroes.0
                0x00123c54       0x10 /opt/devkitpro/devkitARM/bin/../lib/gcc/arm-none-eabi/12.2.0/../../../../arm-none-eabi/lib/armv6k/fpu/libg.a(libc_a-svfprintf.o)
 .rodata.blanks.1
                0x00123c64       0x10 /opt/devkitpro/devkitARM/bin/../lib/gcc/arm-none-eabi/12.2.0/../../../../arm-none-eabi/lib/armv6k/fpu/libg.a(libc_a-svfprintf.o)
 .rodata.__ssvfscanf_r.str1.1
                0x00123c74        0x5 /opt/devkitpro/devkitARM/bin/../lib/gcc/arm-none-eabi/12.2.0/../../../../arm-none-eabi/lib/armv6k/fpu/libg.a(libc_a-svfscanf.o)
                                  0x6 (size before relaxing)
 *fill*         0x00123c79        0x3 
 .rodata.basefix.0
                0x00123c7c       0x22 /opt/devkitpro/devkitARM/bin/../lib/gcc/arm-none-eabi/12.2.0/../../../../arm-none-eabi/lib/armv6k/fpu/libg.a(libc_a-svfscanf.o)
 .rodata._vfprintf_r.str1.1
                0x00123c9e       0x3b /opt/devkitpro/devkitARM/bin/../lib/gcc/arm-none-eabi/12.2.0/../../../../arm-none-eabi/lib/armv6k/fpu/libg.a(libc_a-vfprintf.o)
 *fill*         0x00123c9e        0x2 
 .rodata.zeroes.0
                0x00123ca0       0x10 /opt/devkitpro/devkitARM/bin/../lib/gcc/arm-none-eabi/12.2.0/../../../../arm-none-eabi/lib/armv6k/fpu/libg.a(libc_a-vfprintf.o)
 .rodata.blanks.1
                0x00123cb0       0x10 /opt/devkitpro/devkitARM/bin/../lib/gcc/arm-none-eabi/12.2.0/../../../../arm-none-eabi/lib/armv6k/fpu/libg.a(libc_a-vfprintf.o)
 .rodata._vfiprintf_r.str1.1
                0x00123cc0       0x29 /opt/devkitpro/devkitARM/bin/../lib/gcc/arm-none-eabi/12.2.0/../../../../arm-none-eabi/lib/armv6k/fpu/libg.a(libc_a-vfiprintf.o)
 .rodata.zeroes.0
                0x00123cc0       0x10 /opt/devkitpro/devkitARM/bin/../lib/gcc/arm-none-eabi/12.2.0/../../../../arm-none-eabi/lib/armv6k/fpu/libg.a(libc_a-vfiprintf.o)
 .rodata.blanks.1
                0x00123cd0       0x10 /opt/devkitpro/devkitARM/bin/../lib/gcc/arm-none-eabi/12.2.0/../../../../arm-none-eabi/lib/armv6k/fpu/libg.a(libc_a-vfiprintf.o)
 .rodata.str1.4
                0x00123ce0       0x48 /opt/devkitpro/devkitARM/bin/../lib/gcc/arm-none-eabi/12.2.0/../../../../arm-none-eabi/lib/armv6k/fpu/libg.a(libc_a-locale.o)
                                 0x4c (size before relaxing)
 .rodata._dtoa_r.str1.4
                0x00123d28       0x6a /opt/devkitpro/devkitARM/bin/../lib/gcc/arm-none-eabi/12.2.0/../../../../arm-none-eabi/lib/armv6k/fpu/libg.a(libc_a-dtoa.o)
 *fill*         0x00123d92        0x2 
 .rodata.__multadd.str1.4
                0x00123d94       0x43 /opt/devkitpro/devkitARM/bin/../lib/gcc/arm-none-eabi/12.2.0/../../../../arm-none-eabi/lib/armv6k/fpu/libg.a(libc_a-mprec.o)
                                 0x57 (size before relaxing)
 *fill*         0x00123dd7        0x1 
 .rodata.p05.0  0x00123dd8        0xc /opt/devkitpro/devkitARM/bin/../lib/gcc/arm-none-eabi/12.2.0/../../../../arm-none-eabi/lib/armv6k/fpu/libg.a(libc_a-mprec.o)
 *fill*         0x00123de4        0x4 
 .rodata.__mprec_bigtens
                0x00123de8       0x28 /opt/devkitpro/devkitARM/bin/../lib/gcc/arm-none-eabi/12.2.0/../../../../arm-none-eabi/lib/armv6k/fpu/libg.a(libc_a-mprec.o)
                0x00123de8                __mprec_bigtens
 .rodata.__mprec_tens
                0x00123e10       0xc8 /opt/devkitpro/devkitARM/bin/../lib/gcc/arm-none-eabi/12.2.0/../../../../arm-none-eabi/lib/armv6k/fpu/libg.a(libc_a-mprec.o)
                0x00123e10                __mprec_tens
 .rodata._strtod_l.str1.4
                0x00123ed8        0xf /opt/devkitpro/devkitARM/bin/../lib/gcc/arm-none-eabi/12.2.0/../../../../arm-none-eabi/lib/armv6k/fpu/libg.a(libc_a-strtod.o)
                                 0x15 (size before relaxing)
 *fill*         0x00123ee7        0x1 
 .rodata.fpinan.0
                0x00123ee8       0x14 /opt/devkitpro/devkitARM/bin/../lib/gcc/arm-none-eabi/12.2.0/../../../../arm-none-eabi/lib/armv6k/fpu/libg.a(libc_a-strtod.o)
 .rodata.fpi.1  0x00123efc       0x14 /opt/devkitpro/devkitARM/bin/../lib/gcc/arm-none-eabi/12.2.0/../../../../arm-none-eabi/lib/armv6k/fpu/libg.a(libc_a-strtod.o)
 .rodata.tinytens
                0x00123f10       0x28 /opt/devkitpro/devkitARM/bin/../lib/gcc/arm-none-eabi/12.2.0/../../../../arm-none-eabi/lib/armv6k/fpu/libg.a(libc_a-strtod.o)
 .rodata._mbrtowc_r.str1.4
                0x00123f38        0x1 /opt/devkitpro/devkitARM/bin/../lib/gcc/arm-none-eabi/12.2.0/../../../../arm-none-eabi/lib/armv6k/fpu/libg.a(libc_a-mbrtowc.o)
 .rodata.__action_table
                0x00123f38       0x6c /opt/devkitpro/devkitARM/bin/../lib/gcc/arm-none-eabi/12.2.0/../../../../arm-none-eabi/lib/armv6k/fpu/libg.a(libc_a-svfiprintf.o)
                0x00123f38                __action_table
 .rodata.__state_table
                0x00123fa4       0x6c /opt/devkitpro/devkitARM/bin/../lib/gcc/arm-none-eabi/12.2.0/../../../../arm-none-eabi/lib/armv6k/fpu/libg.a(libc_a-svfiprintf.o)
                0x00123fa4                __state_table
 .rodata.__chclass
                0x00124010      0x100 /opt/devkitpro/devkitARM/bin/../lib/gcc/arm-none-eabi/12.2.0/../../../../arm-none-eabi/lib/armv6k/fpu/libg.a(libc_a-svfiprintf.o)
                0x00124010                __chclass
 .rodata.__assert_func.str1.4
                0x00124110       0x3f /opt/devkitpro/devkitARM/bin/../lib/gcc/arm-none-eabi/12.2.0/../../../../arm-none-eabi/lib/armv6k/fpu/libg.a(libc_a-assert.o)
                                 0x43 (size before relaxing)
 *fill*         0x0012414f        0x1 
 .rodata.__gethex.str1.4
                0x00124150       0x4a /opt/devkitpro/devkitARM/bin/../lib/gcc/arm-none-eabi/12.2.0/../../../../arm-none-eabi/lib/armv6k/fpu/libg.a(libc_a-gdtoa-gethex.o)
                                 0x62 (size before relaxing)
 *fill*         0x0012419a        0x2 
 .rodata.__hexdig
                0x0012419c      0x100 /opt/devkitpro/devkitARM/bin/../lib/gcc/arm-none-eabi/12.2.0/../../../../arm-none-eabi/lib/armv6k/fpu/libg.a(libc_a-gdtoa-gethex.o)
                0x0012419c                __hexdig
 .rodata.categories
                0x0012429c     0x3528 /opt/devkitpro/devkitARM/bin/../lib/gcc/arm-none-eabi/12.2.0/../../../../arm-none-eabi/lib/armv6k/fpu/libg.a(libc_a-categories.o)
 .rodata.AddDevice.str1.4
                0x001277c4        0x8 /opt/devkitpro/devkitARM/bin/../lib/gcc/arm-none-eabi/12.2.0/../../../../arm-none-eabi/lib/armv6k/fpu/libsysbase.a(libsysbase_libsysbase_a-iosupport.o)
 .rodata.dotab_stdnull
                0x001277c4       0x70 /opt/devkitpro/devkitARM/bin/../lib/gcc/arm-none-eabi/12.2.0/../../../../arm-none-eabi/lib/armv6k/fpu/libsysbase.a(libsysbase_libsysbase_a-iosupport.o)
                0x001277c4                dotab_stdnull
 *all.rodata*(*)
 *(.gnu.linkonce.r*)
                0x00127834                        . = ALIGN (0x4)
                0x00127834                        __tdata_align = .
                0x00127834        0x4 LONG 0x1 ALIGNOF (.tdata)
                0x00127838                        . = ALIGN (0x4)

.eh_frame       0x00127838        0x0
 .eh_frame      0x00127838        0x0 /opt/devkitpro/devkitARM/bin/../lib/gcc/arm-none-eabi/12.2.0/armv6k/fpu/crtbegin.o

.rel.dyn        0x00127838        0x0
 .rel.iplt      0x00127838        0x0 /opt/devkitpro/devkitARM/bin/../lib/gcc/arm-none-eabi/12.2.0/../../../../arm-none-eabi/lib/armv6k/fpu/3dsx_crt0.o
 .rel.got       0x00127838        0x0 /opt/devkitpro/devkitARM/bin/../lib/gcc/arm-none-eabi/12.2.0/../../../../arm-none-eabi/lib/armv6k/fpu/3dsx_crt0.o

.ARM.extab
 *(.ARM.extab* .gnu.linkonce.armextab.*)
                0x00127838                        __exidx_start = .

ARM.exidx
 *(.ARM.exidx* .gnu.linkonce.armexidx.*)
                0x00127838                        __exidx_end = .
                0x00128000                        . = ALIGN (0x1000)

.data           0x00128000     0x1bb8
 *(.data)
 *(.data.*)
 .data.firstConsoleInit.0
                0x00128000        0x1 /opt/devkitpro/libctru/lib/libctru.a(console.o)
 *fill*         0x00128001        0x3 
 .data.currentConsole
                0x00128004        0x4 /opt/devkitpro/libctru/lib/libctru.a(console.o)
                0x00128004                currentConsole
 .data.defaultConsole
                0x00128008       0x48 /opt/devkitpro/libctru/lib/libctru.a(console.o)
                0x00128008                defaultConsole
 .data.aptChainloadDeliverArgSize
                0x00128050        0x4 /opt/devkitpro/libctru/lib/libctru.a(apt.o)
 .data.__stacksize__
                0x00128054        0x4 /opt/devkitpro/libctru/lib/libctru.a(stack_adjust.o)
                0x00128054                __stacksize__
 .data.__malloc_sbrk_base
                0x00128058        0x4 /opt/devkitpro/devkitARM/bin/../lib/gcc/arm-none-eabi/12.2.0/../../../../arm-none-eabi/lib/armv6k/fpu/libg.a(libc_a-mallocr.o)
                0x00128058                __malloc_sbrk_base
 .data.__malloc_trim_threshold
                0x0012805c        0x4 /opt/devkitpro/devkitARM/bin/../lib/gcc/arm-none-eabi/12.2.0/../../../../arm-none-eabi/lib/armv6k/fpu/libg.a(libc_a-mallocr.o)
                0x0012805c                __malloc_trim_threshold
 .data.__malloc_av_
                0x00128060      0x408 /opt/devkitpro/devkitARM/bin/../lib/gcc/arm-none-eabi/12.2.0/../../../../arm-none-eabi/lib/armv6k/fpu/libg.a(libc_a-mallocr.o)
                0x00128060                __malloc_av_
 .data.__sglue  0x00128468        0xc /opt/devkitpro/devkitARM/bin/../lib/gcc/arm-none-eabi/12.2.0/../../../../arm-none-eabi/lib/armv6k/fpu/libg.a(libc_a-findfp.o)
                0x00128468                __sglue
 .data._impure_ptr
                0x00128474        0x4 /opt/devkitpro/devkitARM/bin/../lib/gcc/arm-none-eabi/12.2.0/../../../../arm-none-eabi/lib/armv6k/fpu/libg.a(libc_a-impure.o)
                0x00128474                _impure_ptr
 .data._impure_data
                0x00128478      0x120 /opt/devkitpro/devkitARM/bin/../lib/gcc/arm-none-eabi/12.2.0/../../../../arm-none-eabi/lib/armv6k/fpu/libg.a(libc_a-impure.o)
                0x00128478                _impure_data
 .data.__global_locale
                0x00128598      0x16c /opt/devkitpro/devkitARM/bin/../lib/gcc/arm-none-eabi/12.2.0/../../../../arm-none-eabi/lib/armv6k/fpu/libg.a(libc_a-locale.o)
                0x00128598                __global_locale
 .data._current_working_directory
                0x00128704      0x400 /opt/devkitpro/devkitARM/bin/../lib/gcc/arm-none-eabi/12.2.0/../../../../arm-none-eabi/lib/armv6k/fpu/libsysbase.a(libsysbase_libsysbase_a-chdir.o)
 .data.handles  0x00128b04     0x1000 /opt/devkitpro/devkitARM/bin/../lib/gcc/arm-none-eabi/12.2.0/../../../../arm-none-eabi/lib/armv6k/fpu/libsysbase.a(libsysbase_libsysbase_a-handle_manager.o)
 .data.__stderr_handle
                0x00129b04        0xc /opt/devkitpro/devkitARM/bin/../lib/gcc/arm-none-eabi/12.2.0/../../../../arm-none-eabi/lib/armv6k/fpu/libsysbase.a(libsysbase_libsysbase_a-handle_manager.o)
 .data.__stdout_handle
                0x00129b10        0xc /opt/devkitpro/devkitARM/bin/../lib/gcc/arm-none-eabi/12.2.0/../../../../arm-none-eabi/lib/armv6k/fpu/libsysbase.a(libsysbase_libsysbase_a-handle_manager.o)
 .data.__stdin_handle
                0x00129b1c        0xc /opt/devkitpro/devkitARM/bin/../lib/gcc/arm-none-eabi/12.2.0/../../../../arm-none-eabi/lib/armv6k/fpu/libsysbase.a(libsysbase_libsysbase_a-handle_manager.o)
 .data.devoptab_list
                0x00129b28       0x8c /opt/devkitpro/devkitARM/bin/../lib/gcc/arm-none-eabi/12.2.0/../../../../arm-none-eabi/lib/armv6k/fpu/libsysbase.a(libsysbase_libsysbase_a-iosupport.o)
                0x00129b28                devoptab_list
 .data.defaultDevice
                0x00129bb4        0x4 /opt/devkitpro/devkitARM/bin/../lib/gcc/arm-none-eabi/12.2.0/../../../../arm-none-eabi/lib/armv6k/fpu/libsysbase.a(libsysbase_libsysbase_a-iosupport.o)
 *(.gnu.linkonce.d*)
                0x00129bb8                        . = ALIGN (0x4)

.igot.plt       0x00129bb8        0x0
 .igot.plt      0x00129bb8        0x0 /opt/devkitpro/devkitARM/bin/../lib/gcc/arm-none-eabi/12.2.0/../../../../arm-none-eabi/lib/armv6k/fpu/3dsx_crt0.o

.got            0x00129bb8        0x8
 .got           0x00129bb8        0x8 /opt/devkitpro/devkitARM/bin/../lib/gcc/arm-none-eabi/12.2.0/../../../../arm-none-eabi/lib/armv6k/fpu/3dsx_crt0.o

.got.plt        0x00129bc0        0xc
 .got.plt       0x00129bc0        0xc /opt/devkitpro/devkitARM/bin/../lib/gcc/arm-none-eabi/12.2.0/../../../../arm-none-eabi/lib/armv6k/fpu/3dsx_crt0.o
                0x00129bc0                _GLOBAL_OFFSET_TABLE_

.tdata          0x00129bcc        0x0
                0x00129bcc                        __tdata_lma = .
 *(.tdata)
 *(.tdata.*)
 *(.gnu.linkonce.td.*)
                0x00129bcc                        . = ALIGN (0x4)
                0x00129bcc                        __tdata_lma_end = .

.tbss           0x00129bcc      0xc08
 *(.tbss)
 *(.tbss.*)
 .tbss.__ctru_dev_utf16_buf
                0x00129bcc      0x802 /opt/devkitpro/libctru/lib/libctru.a(path_buf.o)
                0x00129bcc                __ctru_dev_utf16_buf
 *fill*         0x0012a3ce        0x2 
 .tbss.__ctru_dev_path_buf
                0x0012a3d0      0x401 /opt/devkitpro/libctru/lib/libctru.a(path_buf.o)
                0x0012a3d0                __ctru_dev_path_buf
 *(.gnu.linkonce.tb.*)
 *(.tcommon)
                0x0012a7d4                        . = ALIGN (0x4)
 *fill*         0x0012a7d1        0x3 

.preinit_array  0x00129bcc        0x0
                0x00129bcc                        PROVIDE (__preinit_array_start = .)
 *(.preinit_array)
                0x00129bcc                        PROVIDE (__preinit_array_end = .)

.init_array     0x00129bcc        0x4
                0x00129bcc                        PROVIDE (__init_array_start = .)
 *(SORT_BY_NAME(.init_array.*))
 *(.init_array)
 .init_array    0x00129bcc        0x4 /opt/devkitpro/devkitARM/bin/../lib/gcc/arm-none-eabi/12.2.0/armv6k/fpu/crtbegin.o